Archive member included to satisfy reference by file (symbol)

d:/place_for_installation/gcc_arm_none_eabi/gcc-arm-none-eabi-9-2019-q4-major-win32/bin/../lib/gcc/arm-none-eabi/9.2.1/thumb/v7e-m+fp/hard\libgcc.a(_aeabi_uldivmod.o)
                              CMakeFiles/STM32F407IGH6.elf.dir/Drivers/STM32F4xx_HAL_Driver/Src/stm32f4xx_hal_rcc.c.obj (__aeabi_uldivmod)
d:/place_for_installation/gcc_arm_none_eabi/gcc-arm-none-eabi-9-2019-q4-major-win32/bin/../lib/gcc/arm-none-eabi/9.2.1/thumb/v7e-m+fp/hard\libgcc.a(_udivmoddi4.o)
                              d:/place_for_installation/gcc_arm_none_eabi/gcc-arm-none-eabi-9-2019-q4-major-win32/bin/../lib/gcc/arm-none-eabi/9.2.1/thumb/v7e-m+fp/hard\libgcc.a(_aeabi_uldivmod.o) (__udivmoddi4)
d:/place_for_installation/gcc_arm_none_eabi/gcc-arm-none-eabi-9-2019-q4-major-win32/bin/../lib/gcc/arm-none-eabi/9.2.1/thumb/v7e-m+fp/hard\libgcc.a(unwind-arm.o)
                              CMakeFiles/STM32F407IGH6.elf.dir/UserApp/protocols/interface_uart.cpp.obj (__aeabi_unwind_cpp_pr0)
d:/place_for_installation/gcc_arm_none_eabi/gcc-arm-none-eabi-9-2019-q4-major-win32/bin/../lib/gcc/arm-none-eabi/9.2.1/thumb/v7e-m+fp/hard\libgcc.a(libunwind.o)
                              d:/place_for_installation/gcc_arm_none_eabi/gcc-arm-none-eabi-9-2019-q4-major-win32/bin/../lib/gcc/arm-none-eabi/9.2.1/thumb/v7e-m+fp/hard\libgcc.a(unwind-arm.o) (restore_core_regs)
d:/place_for_installation/gcc_arm_none_eabi/gcc-arm-none-eabi-9-2019-q4-major-win32/bin/../lib/gcc/arm-none-eabi/9.2.1/thumb/v7e-m+fp/hard\libgcc.a(pr-support.o)
                              d:/place_for_installation/gcc_arm_none_eabi/gcc-arm-none-eabi-9-2019-q4-major-win32/bin/../lib/gcc/arm-none-eabi/9.2.1/thumb/v7e-m+fp/hard\libgcc.a(unwind-arm.o) (__gnu_unwind_execute)
d:/place_for_installation/gcc_arm_none_eabi/gcc-arm-none-eabi-9-2019-q4-major-win32/bin/../lib/gcc/arm-none-eabi/9.2.1/thumb/v7e-m+fp/hard\libgcc.a(_dvmd_tls.o)
                              d:/place_for_installation/gcc_arm_none_eabi/gcc-arm-none-eabi-9-2019-q4-major-win32/bin/../lib/gcc/arm-none-eabi/9.2.1/thumb/v7e-m+fp/hard\libgcc.a(_aeabi_uldivmod.o) (__aeabi_ldiv0)
d:/place_for_installation/gcc_arm_none_eabi/gcc-arm-none-eabi-9-2019-q4-major-win32/bin/../lib/gcc/arm-none-eabi/9.2.1/../../../../arm-none-eabi/lib/thumb/v7e-m+fp/hard\libg.a(lib_a-abort.o)
                              d:/place_for_installation/gcc_arm_none_eabi/gcc-arm-none-eabi-9-2019-q4-major-win32/bin/../lib/gcc/arm-none-eabi/9.2.1/thumb/v7e-m+fp/hard\libgcc.a(unwind-arm.o) (abort)
d:/place_for_installation/gcc_arm_none_eabi/gcc-arm-none-eabi-9-2019-q4-major-win32/bin/../lib/gcc/arm-none-eabi/9.2.1/../../../../arm-none-eabi/lib/thumb/v7e-m+fp/hard\libg.a(lib_a-errno.o)
                              CMakeFiles/STM32F407IGH6.elf.dir/Core/Src/syscalls.c.obj (__errno)
d:/place_for_installation/gcc_arm_none_eabi/gcc-arm-none-eabi-9-2019-q4-major-win32/bin/../lib/gcc/arm-none-eabi/9.2.1/../../../../arm-none-eabi/lib/thumb/v7e-m+fp/hard\libg.a(lib_a-exit.o)
                              d:/place_for_installation/gcc_arm_none_eabi/gcc-arm-none-eabi-9-2019-q4-major-win32/bin/../lib/gcc/arm-none-eabi/9.2.1/../../../../arm-none-eabi/lib/thumb/v7e-m+fp/hard/crt0.o (exit)
d:/place_for_installation/gcc_arm_none_eabi/gcc-arm-none-eabi-9-2019-q4-major-win32/bin/../lib/gcc/arm-none-eabi/9.2.1/../../../../arm-none-eabi/lib/thumb/v7e-m+fp/hard\libg.a(lib_a-impure.o)
                              d:/place_for_installation/gcc_arm_none_eabi/gcc-arm-none-eabi-9-2019-q4-major-win32/bin/../lib/gcc/arm-none-eabi/9.2.1/../../../../arm-none-eabi/lib/thumb/v7e-m+fp/hard\libg.a(lib_a-exit.o) (_global_impure_ptr)
d:/place_for_installation/gcc_arm_none_eabi/gcc-arm-none-eabi-9-2019-q4-major-win32/bin/../lib/gcc/arm-none-eabi/9.2.1/../../../../arm-none-eabi/lib/thumb/v7e-m+fp/hard\libg.a(lib_a-init.o)
                              d:/place_for_installation/gcc_arm_none_eabi/gcc-arm-none-eabi-9-2019-q4-major-win32/bin/../lib/gcc/arm-none-eabi/9.2.1/../../../../arm-none-eabi/lib/thumb/v7e-m+fp/hard/crt0.o (__libc_init_array)
d:/place_for_installation/gcc_arm_none_eabi/gcc-arm-none-eabi-9-2019-q4-major-win32/bin/../lib/gcc/arm-none-eabi/9.2.1/../../../../arm-none-eabi/lib/thumb/v7e-m+fp/hard\libg.a(lib_a-memcpy.o)
                              CMakeFiles/STM32F407IGH6.elf.dir/Middlewares/Third_Party/FreeRTOS/Source/CMSIS_RTOS_V2/cmsis_os2.c.obj (memcpy)
d:/place_for_installation/gcc_arm_none_eabi/gcc-arm-none-eabi-9-2019-q4-major-win32/bin/../lib/gcc/arm-none-eabi/9.2.1/../../../../arm-none-eabi/lib/thumb/v7e-m+fp/hard\libg.a(lib_a-memset.o)
                              d:/place_for_installation/gcc_arm_none_eabi/gcc-arm-none-eabi-9-2019-q4-major-win32/bin/../lib/gcc/arm-none-eabi/9.2.1/../../../../arm-none-eabi/lib/thumb/v7e-m+fp/hard/crt0.o (memset)
[...]
Memory Configuration

Name             Origin             Length             Attributes
CCMRAM           0x10000000         0x00010000         xrw
RAM              0x20000000         0x00020000         xrw
FLASH            0x08000000         0x00100000         xr
*default*        0x00000000         0xffffffff

Linker script and memory map

LOAD d:/place_for_installation/gcc_arm_none_eabi/gcc-arm-none-eabi-9-2019-q4-major-win32/bin/../lib/gcc/arm-none-eabi/9.2.1/thumb/v7e-m+fp/hard/crti.o
LOAD d:/place_for_installation/gcc_arm_none_eabi/gcc-arm-none-eabi-9-2019-q4-major-win32/bin/../lib/gcc/arm-none-eabi/9.2.1/thumb/v7e-m+fp/hard/crtbegin.o
LOAD d:/place_for_installation/gcc_arm_none_eabi/gcc-arm-none-eabi-9-2019-q4-major-win32/bin/../lib/gcc/arm-none-eabi/9.2.1/../../../../arm-none-eabi/lib/thumb/v7e-m+fp/hard/crt0.o
LOAD CMakeFiles/STM32F407IGH6.elf.dir/Core/Src/can.c.obj
LOAD CMakeFiles/STM32F407IGH6.elf.dir/Core/Src/dma.c.obj
LOAD CMakeFiles/STM32F407IGH6.elf.dir/Core/Src/freertos.c.obj
LOAD CMakeFiles/STM32F407IGH6.elf.dir/Core/Src/gpio.c.obj
LOAD CMakeFiles/STM32F407IGH6.elf.dir/Core/Src/main.c.obj
LOAD CMakeFiles/STM32F407IGH6.elf.dir/Core/Src/stm32f4xx_hal_msp.c.obj
LOAD CMakeFiles/STM32F407IGH6.elf.dir/Core/Src/stm32f4xx_hal_timebase_tim.c.obj
LOAD CMakeFiles/STM32F407IGH6.elf.dir/Core/Src/stm32f4xx_it.c.obj
LOAD CMakeFiles/STM32F407IGH6.elf.dir/Core/Src/syscalls.c.obj
LOAD CMakeFiles/STM32F407IGH6.elf.dir/Core/Src/sysmem.c.obj
LOAD CMakeFiles/STM32F407IGH6.elf.dir/Core/Src/system_stm32f4xx.c.obj
LOAD CMakeFiles/STM32F407IGH6.elf.dir/Core/Src/usart.c.obj
LOAD CMakeFiles/STM32F407IGH6.elf.dir/Core/Startup/startup_stm32f407ighx.s.obj
LOAD CMakeFiles/STM32F407IGH6.elf.dir/Drivers/STM32F4xx_HAL_Driver/Src/stm32f4xx_hal.c.obj
LOAD CMakeFiles/STM32F407IGH6.elf.dir/Drivers/STM32F4xx_HAL_Driver/Src/stm32f4xx_hal_can.c.obj
LOAD CMakeFiles/STM32F407IGH6.elf.dir/Drivers/STM32F4xx_HAL_Driver/Src/stm32f4xx_hal_cortex.c.obj
LOAD CMakeFiles/STM32F407IGH6.elf.dir/Drivers/STM32F4xx_HAL_Driver/Src/stm32f4xx_hal_dma.c.obj
LOAD CMakeFiles/STM32F407IGH6.elf.dir/Drivers/STM32F4xx_HAL_Driver/Src/stm32f4xx_hal_dma_ex.c.obj
LOAD CMakeFiles/STM32F407IGH6.elf.dir/Drivers/STM32F4xx_HAL_Driver/Src/stm32f4xx_hal_exti.c.obj
LOAD CMakeFiles/STM32F407IGH6.elf.dir/Drivers/STM32F4xx_HAL_Driver/Src/stm32f4xx_hal_flash.c.obj
LOAD CMakeFiles/STM32F407IGH6.elf.dir/Drivers/STM32F4xx_HAL_Driver/Src/stm32f4xx_hal_flash_ex.c.obj
LOAD CMakeFiles/STM32F407IGH6.elf.dir/Drivers/STM32F4xx_HAL_Driver/Src/stm32f4xx_hal_flash_ramfunc.c.obj
LOAD CMakeFiles/STM32F407IGH6.elf.dir/Drivers/STM32F4xx_HAL_Driver/Src/stm32f4xx_hal_gpio.c.obj
LOAD CMakeFiles/STM32F407IGH6.elf.dir/Drivers/STM32F4xx_HAL_Driver/Src/stm32f4xx_hal_pcd.c.obj
LOAD CMakeFiles/STM32F407IGH6.elf.dir/Drivers/STM32F4xx_HAL_Driver/Src/stm32f4xx_hal_pcd_ex.c.obj
LOAD CMakeFiles/STM32F407IGH6.elf.dir/Drivers/STM32F4xx_HAL_Driver/Src/stm32f4xx_hal_pwr.c.obj
LOAD CMakeFiles/STM32F407IGH6.elf.dir/Drivers/STM32F4xx_HAL_Driver/Src/stm32f4xx_hal_pwr_ex.c.obj
LOAD CMakeFiles/STM32F407IGH6.elf.dir/Drivers/STM32F4xx_HAL_Driver/Src/stm32f4xx_hal_rcc.c.obj
LOAD CMakeFiles/STM32F407IGH6.elf.dir/Drivers/STM32F4xx_HAL_Driver/Src/stm32f4xx_hal_rcc_ex.c.obj
LOAD CMakeFiles/STM32F407IGH6.elf.dir/Drivers/STM32F4xx_HAL_Driver/Src/stm32f4xx_hal_tim.c.obj
LOAD CMakeFiles/STM32F407IGH6.elf.dir/Drivers/STM32F4xx_HAL_Driver/Src/stm32f4xx_hal_tim_ex.c.obj
LOAD CMakeFiles/STM32F407IGH6.elf.dir/Drivers/STM32F4xx_HAL_Driver/Src/stm32f4xx_hal_uart.c.obj
LOAD CMakeFiles/STM32F407IGH6.elf.dir/Drivers/STM32F4xx_HAL_Driver/Src/stm32f4xx_ll_usb.c.obj
LOAD CMakeFiles/STM32F407IGH6.elf.dir/Middlewares/ST/STM32_USB_Device_Library/Class/CDC/Src/usbd_cdc.c.obj
LOAD CMakeFiles/STM32F407IGH6.elf.dir/Middlewares/ST/STM32_USB_Device_Library/Core/Src/usbd_core.c.obj
LOAD CMakeFiles/STM32F407IGH6.elf.dir/Middlewares/ST/STM32_USB_Device_Library/Core/Src/usbd_ctlreq.c.obj
LOAD CMakeFiles/STM32F407IGH6.elf.dir/Middlewares/ST/STM32_USB_Device_Library/Core/Src/usbd_ioreq.c.obj
LOAD CMakeFiles/STM32F407IGH6.elf.dir/Middlewares/Third_Party/FreeRTOS/Source/CMSIS_RTOS_V2/cmsis_os2.c.obj
LOAD CMakeFiles/STM32F407IGH6.elf.dir/Middlewares/Third_Party/FreeRTOS/Source/croutine.c.obj
LOAD CMakeFiles/STM32F407IGH6.elf.dir/Middlewares/Third_Party/FreeRTOS/Source/event_groups.c.obj
LOAD CMakeFiles/STM32F407IGH6.elf.dir/Middlewares/Third_Party/FreeRTOS/Source/list.c.obj
LOAD CMakeFiles/STM32F407IGH6.elf.dir/Middlewares/Third_Party/FreeRTOS/Source/portable/GCC/ARM_CM4F/port.c.obj
LOAD CMakeFiles/STM32F407IGH6.elf.dir/Middlewares/Third_Party/FreeRTOS/Source/portable/MemMang/heap_4.c.obj
LOAD CMakeFiles/STM32F407IGH6.elf.dir/Middlewares/Third_Party/FreeRTOS/Source/queue.c.obj
LOAD CMakeFiles/STM32F407IGH6.elf.dir/Middlewares/Third_Party/FreeRTOS/Source/stream_buffer.c.obj
LOAD CMakeFiles/STM32F407IGH6.elf.dir/Middlewares/Third_Party/FreeRTOS/Source/tasks.c.obj
LOAD CMakeFiles/STM32F407IGH6.elf.dir/Middlewares/Third_Party/FreeRTOS/Source/timers.c.obj
LOAD CMakeFiles/STM32F407IGH6.elf.dir/USB_DEVICE/App/usb_device.c.obj
LOAD CMakeFiles/STM32F407IGH6.elf.dir/USB_DEVICE/App/usbd_cdc_if.c.obj
LOAD CMakeFiles/STM32F407IGH6.elf.dir/USB_DEVICE/App/usbd_desc.c.obj
LOAD CMakeFiles/STM32F407IGH6.elf.dir/USB_DEVICE/Target/usbd_conf.c.obj
LOAD CMakeFiles/STM32F407IGH6.elf.dir/UserApp/main.cpp.obj
LOAD CMakeFiles/STM32F407IGH6.elf.dir/UserApp/protocols/interface_can.cpp.obj
LOAD CMakeFiles/STM32F407IGH6.elf.dir/UserApp/protocols/interface_uart.cpp.obj
LOAD CMakeFiles/STM32F407IGH6.elf.dir/UserApp/retarget.c.obj
LOAD CMakeFiles/STM32F407IGH6.elf.dir/UserApp/task_func.c.obj
LOAD D:\Place_for_file\CLion\STM32F4\STM32F407IGH6\Middlewares\ST\ARM\DSP\Lib\libarm_cortexM4lf_math.a
LOAD d:/place_for_installation/gcc_arm_none_eabi/gcc-arm-none-eabi-9-2019-q4-major-win32/bin/../lib/gcc/arm-none-eabi/9.2.1/../../../../arm-none-eabi/lib/thumb/v7e-m+fp/hard\libstdc++.a
LOAD d:/place_for_installation/gcc_arm_none_eabi/gcc-arm-none-eabi-9-2019-q4-major-win32/bin/../lib/gcc/arm-none-eabi/9.2.1/../../../../arm-none-eabi/lib/thumb/v7e-m+fp/hard\libm.a
START GROUP
LOAD d:/place_for_installation/gcc_arm_none_eabi/gcc-arm-none-eabi-9-2019-q4-major-win32/bin/../lib/gcc/arm-none-eabi/9.2.1/thumb/v7e-m+fp/hard\libgcc.a
LOAD d:/place_for_installation/gcc_arm_none_eabi/gcc-arm-none-eabi-9-2019-q4-major-win32/bin/../lib/gcc/arm-none-eabi/9.2.1/../../../../arm-none-eabi/lib/thumb/v7e-m+fp/hard\libg.a
LOAD d:/place_for_installation/gcc_arm_none_eabi/gcc-arm-none-eabi-9-2019-q4-major-win32/bin/../lib/gcc/arm-none-eabi/9.2.1/../../../../arm-none-eabi/lib/thumb/v7e-m+fp/hard\libc.a
END GROUP
LOAD d:/place_for_installation/gcc_arm_none_eabi/gcc-arm-none-eabi-9-2019-q4-major-win32/bin/../lib/gcc/arm-none-eabi/9.2.1/thumb/v7e-m+fp/hard/crtend.o
LOAD d:/place_for_installation/gcc_arm_none_eabi/gcc-arm-none-eabi-9-2019-q4-major-win32/bin/../lib/gcc/arm-none-eabi/9.2.1/thumb/v7e-m+fp/hard/crtn.o
                0x20020000                _estack = (ORIGIN (RAM) + LENGTH (RAM))
                0x00003c00                _Min_Heap_Size = 0x3c00
                0x00000800                _Min_Stack_Size = 0x800

.isr_vector     0x08000000      0x188
                0x08000000                . = ALIGN (0x4)
 *(.isr_vector)
 .isr_vector    0x08000000      0x188 CMakeFiles/STM32F407IGH6.elf.dir/Core/Startup/startup_stm32f407ighx.s.obj
                0x08000000                g_pfnVectors
                0x08000188                . = ALIGN (0x4)

.text           0x08000190     0x98fc
                0x08000190                . = ALIGN (0x4)
 *(.text)
 .text          0x08000190       0x40 d:/place_for_installation/gcc_arm_none_eabi/gcc-arm-none-eabi-9-2019-q4-major-win32/bin/../lib/gcc/arm-none-eabi/9.2.1/thumb/v7e-m+fp/hard/crtbegin.o
 .text          0x080001d0       0x30 d:/place_for_installation/gcc_arm_none_eabi/gcc-arm-none-eabi-9-2019-q4-major-win32/bin/../lib/gcc/arm-none-eabi/9.2.1/thumb/v7e-m+fp/hard\libgcc.a(_aeabi_uldivmod.o)
                0x080001d0                __aeabi_uldivmod
 .text          0x08000200      0x2c4 d:/place_for_installation/gcc_arm_none_eabi/gcc-arm-none-eabi-9-2019-q4-major-win32/bin/../lib/gcc/arm-none-eabi/9.2.1/thumb/v7e-m+fp/hard\libgcc.a(_udivmoddi4.o)
                0x08000200                __udivmoddi4
 .text          0x080004c4      0x9b8 d:/place_for_installation/gcc_arm_none_eabi/gcc-arm-none-eabi-9-2019-q4-major-win32/bin/../lib/gcc/arm-none-eabi/9.2.1/thumb/v7e-m+fp/hard\libgcc.a(unwind-arm.o)
                0x0800076c                _Unwind_GetCFA
                0x08000770                __gnu_Unwind_RaiseException
                0x080007d0                __gnu_Unwind_ForcedUnwind
                0x080007e4                __gnu_Unwind_Resume
                0x08000828                __gnu_Unwind_Resume_or_Rethrow
                0x08000838                _Unwind_Complete
                0x0800083c                _Unwind_DeleteException
                0x08000848                _Unwind_VRS_Get
                0x08000890                _Unwind_VRS_Set
                0x080008d8                __gnu_Unwind_Backtrace
                0x08000bf8                __aeabi_unwind_cpp_pr0
                0x08000bfc                __aeabi_unwind_cpp_pr1
                0x08000c00                __aeabi_unwind_cpp_pr2
                0x08000c04                _Unwind_VRS_Pop
 .text          0x08000e7c      0x1ac d:/place_for_installation/gcc_arm_none_eabi/gcc-arm-none-eabi-9-2019-q4-major-win32/bin/../lib/gcc/arm-none-eabi/9.2.1/thumb/v7e-m+fp/hard\libgcc.a(libunwind.o)
                0x08000e7c                __restore_core_regs
                0x08000e7c                restore_core_regs
                0x08000e94                __gnu_Unwind_Restore_VFP
                0x08000e9c                __gnu_Unwind_Save_VFP
                0x08000ea4                __gnu_Unwind_Restore_VFP_D
                0x08000eac                __gnu_Unwind_Save_VFP_D
                0x08000eb4                __gnu_Unwind_Restore_VFP_D_16_to_31
                0x08000ebc                __gnu_Unwind_Save_VFP_D_16_to_31
                0x08000ec4                __gnu_Unwind_Restore_WMMXD
                0x08000f08                __gnu_Unwind_Save_WMMXD
                0x08000f4c                __gnu_Unwind_Restore_WMMXC
                0x08000f60                __gnu_Unwind_Save_WMMXC
                0x08000f74                ___Unwind_RaiseException
                0x08000f74                _Unwind_RaiseException
                0x08000f98                _Unwind_Resume
                0x08000f98                ___Unwind_Resume
                0x08000fbc                _Unwind_Resume_or_Rethrow
                0x08000fbc                ___Unwind_Resume_or_Rethrow
                0x08000fe0                _Unwind_ForcedUnwind
                0x08000fe0                ___Unwind_ForcedUnwind
                0x08001004                ___Unwind_Backtrace
                0x08001004                _Unwind_Backtrace
 .text          0x08001028      0x340 d:/place_for_installation/gcc_arm_none_eabi/gcc-arm-none-eabi-9-2019-q4-major-win32/bin/../lib/gcc/arm-none-eabi/9.2.1/thumb/v7e-m+fp/hard\libgcc.a(pr-support.o)
                0x08001080                __gnu_unwind_execute
                0x0800131c                __gnu_unwind_frame
                0x08001348                _Unwind_GetRegionStart
                0x08001354                _Unwind_GetLanguageSpecificData
 .text          0x08001368        0x4 d:/place_for_installation/gcc_arm_none_eabi/gcc-arm-none-eabi-9-2019-q4-major-win32/bin/../lib/gcc/arm-none-eabi/9.2.1/thumb/v7e-m+fp/hard\libgcc.a(_dvmd_tls.o)
                0x08001368                __aeabi_idiv0
                0x08001368                __aeabi_ldiv0
 .text          0x0800136c      0x134 d:/place_for_installation/gcc_arm_none_eabi/gcc-arm-none-eabi-9-2019-q4-major-win32/bin/../lib/gcc/arm-none-eabi/9.2.1/../../../../arm-none-eabi/lib/thumb/v7e-m+fp/hard\libg.a(lib_a-memcpy.o)
                0x0800136c                memcpy
 *(.text*)
 .text.MX_CAN1_Init
                0x080014a0       0x40 CMakeFiles/STM32F407IGH6.elf.dir/Core/Src/can.c.obj
                0x080014a0                MX_CAN1_Init
 .text.HAL_CAN_MspInit
                0x080014e0       0xb0 CMakeFiles/STM32F407IGH6.elf.dir/Core/Src/can.c.obj
                0x080014e0                HAL_CAN_MspInit
 .text.MX_DMA_Init
                0x08001590       0x44 CMakeFiles/STM32F407IGH6.elf.dir/Core/Src/dma.c.obj
                0x08001590                MX_DMA_Init
 .text.DefaultTask
                0x080015d4        0xe CMakeFiles/STM32F407IGH6.elf.dir/Core/Src/freertos.c.obj
                0x080015d4                DefaultTask
 *fill*         0x080015e2        0x2 
 .text.MX_FREERTOS_Init
                0x080015e4       0x54 CMakeFiles/STM32F407IGH6.elf.dir/Core/Src/freertos.c.obj
                0x080015e4                MX_FREERTOS_Init
 .text.MX_GPIO_Init
                0x08001638       0xa8 CMakeFiles/STM32F407IGH6.elf.dir/Core/Src/gpio.c.obj
                0x08001638                MX_GPIO_Init
 .text.HAL_TIM_PeriodElapsedCallback
                0x080016e0       0x18 CMakeFiles/STM32F407IGH6.elf.dir/Core/Src/main.c.obj
                0x080016e0                HAL_TIM_PeriodElapsedCallback
 .text.Error_Handler
                0x080016f8        0x4 CMakeFiles/STM32F407IGH6.elf.dir/Core/Src/main.c.obj
                0x080016f8                Error_Handler
 .text.SystemClock_Config
                0x080016fc       0xa8 CMakeFiles/STM32F407IGH6.elf.dir/Core/Src/main.c.obj
                0x080016fc                SystemClock_Config
 .text.main     0x080017a4       0x2c CMakeFiles/STM32F407IGH6.elf.dir/Core/Src/main.c.obj
                0x080017a4                main
 .text.HAL_MspInit
                0x080017d0       0x44 CMakeFiles/STM32F407IGH6.elf.dir/Core/Src/stm32f4xx_hal_msp.c.obj
                0x080017d0                HAL_MspInit
 .text.HAL_InitTick
                0x08001814       0xa4 CMakeFiles/STM32F407IGH6.elf.dir/Core/Src/stm32f4xx_hal_timebase_tim.c.obj
                0x08001814                HAL_InitTick
 .text.NMI_Handler
                0x080018b8        0x2 CMakeFiles/STM32F407IGH6.elf.dir/Core/Src/stm32f4xx_it.c.obj
                0x080018b8                NMI_Handler
 .text.HardFault_Handler
                0x080018ba        0x2 CMakeFiles/STM32F407IGH6.elf.dir/Core/Src/stm32f4xx_it.c.obj
                0x080018ba                HardFault_Handler
 .text.MemManage_Handler
                0x080018bc        0x2 CMakeFiles/STM32F407IGH6.elf.dir/Core/Src/stm32f4xx_it.c.obj
                0x080018bc                MemManage_Handler
 .text.BusFault_Handler
                0x080018be        0x2 CMakeFiles/STM32F407IGH6.elf.dir/Core/Src/stm32f4xx_it.c.obj
                0x080018be                BusFault_Handler
 .text.UsageFault_Handler
                0x080018c0        0x2 CMakeFiles/STM32F407IGH6.elf.dir/Core/Src/stm32f4xx_it.c.obj
                0x080018c0                UsageFault_Handler
 .text.DebugMon_Handler
                0x080018c2        0x2 CMakeFiles/STM32F407IGH6.elf.dir/Core/Src/stm32f4xx_it.c.obj
                0x080018c2                DebugMon_Handler
 .text.CAN1_TX_IRQHandler
                0x080018c4       0x10 CMakeFiles/STM32F407IGH6.elf.dir/Core/Src/stm32f4xx_it.c.obj
                0x080018c4                CAN1_TX_IRQHandler
 .text.CAN1_RX0_IRQHandler
                0x080018d4       0x10 CMakeFiles/STM32F407IGH6.elf.dir/Core/Src/stm32f4xx_it.c.obj
                0x080018d4                CAN1_RX0_IRQHandler
 .text.CAN1_RX1_IRQHandler
                0x080018e4       0x10 CMakeFiles/STM32F407IGH6.elf.dir/Core/Src/stm32f4xx_it.c.obj
                0x080018e4                CAN1_RX1_IRQHandler
 .text.CAN1_SCE_IRQHandler
                0x080018f4       0x10 CMakeFiles/STM32F407IGH6.elf.dir/Core/Src/stm32f4xx_it.c.obj
                0x080018f4                CAN1_SCE_IRQHandler
 .text.USART1_IRQHandler
                0x08001904       0x10 CMakeFiles/STM32F407IGH6.elf.dir/Core/Src/stm32f4xx_it.c.obj
                0x08001904                USART1_IRQHandler
 .text.TIM6_DAC_IRQHandler
                0x08001914       0x10 CMakeFiles/STM32F407IGH6.elf.dir/Core/Src/stm32f4xx_it.c.obj
                0x08001914                TIM6_DAC_IRQHandler
 .text.DMA2_Stream1_IRQHandler
                0x08001924       0x10 CMakeFiles/STM32F407IGH6.elf.dir/Core/Src/stm32f4xx_it.c.obj
                0x08001924                DMA2_Stream1_IRQHandler
 .text.OTG_FS_IRQHandler
                0x08001934       0x10 CMakeFiles/STM32F407IGH6.elf.dir/Core/Src/stm32f4xx_it.c.obj
                0x08001934                OTG_FS_IRQHandler
 .text.DMA2_Stream6_IRQHandler
                0x08001944       0x10 CMakeFiles/STM32F407IGH6.elf.dir/Core/Src/stm32f4xx_it.c.obj
                0x08001944                DMA2_Stream6_IRQHandler
 .text.USART6_IRQHandler
                0x08001954       0x78 CMakeFiles/STM32F407IGH6.elf.dir/Core/Src/stm32f4xx_it.c.obj
                0x08001954                USART6_IRQHandler
 .text._getpid  0x080019cc        0x4 CMakeFiles/STM32F407IGH6.elf.dir/Core/Src/syscalls.c.obj
                0x080019cc                _getpid
 .text._kill    0x080019d0       0x10 CMakeFiles/STM32F407IGH6.elf.dir/Core/Src/syscalls.c.obj
                0x080019d0                _kill
 .text._exit    0x080019e0        0xc CMakeFiles/STM32F407IGH6.elf.dir/Core/Src/syscalls.c.obj
                0x080019e0                _exit
 .text._sbrk    0x080019ec       0x48 CMakeFiles/STM32F407IGH6.elf.dir/Core/Src/sysmem.c.obj
                0x080019ec                _sbrk
 .text.SystemInit
                0x08001a34       0x14 CMakeFiles/STM32F407IGH6.elf.dir/Core/Src/system_stm32f4xx.c.obj
                0x08001a34                SystemInit
 .text.MX_USART1_UART_Init
                0x08001a48       0x38 CMakeFiles/STM32F407IGH6.elf.dir/Core/Src/usart.c.obj
                0x08001a48                MX_USART1_UART_Init
 .text.HAL_UART_MspInit
                0x08001a80      0x190 CMakeFiles/STM32F407IGH6.elf.dir/Core/Src/usart.c.obj
                0x08001a80                HAL_UART_MspInit
 .text.Uart_SetIDLECallBack
                0x08001c10        0xc CMakeFiles/STM32F407IGH6.elf.dir/Core/Src/usart.c.obj
                0x08001c10                Uart_SetIDLECallBack
 .text.MX_USART6_UART_Init
                0x08001c1c       0x60 CMakeFiles/STM32F407IGH6.elf.dir/Core/Src/usart.c.obj
                0x08001c1c                MX_USART6_UART_Init
 .text.Reset_Handler
                0x08001c7c       0x50 CMakeFiles/STM32F407IGH6.elf.dir/Core/Startup/startup_stm32f407ighx.s.obj
                0x08001c7c                Reset_Handler
 .text.Default_Handler
                0x08001ccc        0x2 CMakeFiles/STM32F407IGH6.elf.dir/Core/Startup/startup_stm32f407ighx.s.obj
                0x08001ccc                RTC_Alarm_IRQHandler
                0x08001ccc                HASH_RNG_IRQHandler
                0x08001ccc                EXTI2_IRQHandler
                0x08001ccc                TIM8_CC_IRQHandler
                0x08001ccc                TIM1_CC_IRQHandler
                0x08001ccc                DMA2_Stream5_IRQHandler
                0x08001ccc                DMA1_Stream5_IRQHandler
                0x08001ccc                PVD_IRQHandler
                0x08001ccc                SDIO_IRQHandler
                0x08001ccc                TAMP_STAMP_IRQHandler
                0x08001ccc                CAN2_RX1_IRQHandler
                0x08001ccc                EXTI3_IRQHandler
                0x08001ccc                TIM8_TRG_COM_TIM14_IRQHandler
                0x08001ccc                TIM1_UP_TIM10_IRQHandler
                0x08001ccc                TIM8_UP_TIM13_IRQHandler
                0x08001ccc                I2C3_ER_IRQHandler
                0x08001ccc                EXTI0_IRQHandler
                0x08001ccc                I2C2_EV_IRQHandler
                0x08001ccc                DMA1_Stream2_IRQHandler
                0x08001ccc                FPU_IRQHandler
                0x08001ccc                OTG_HS_WKUP_IRQHandler
                0x08001ccc                CAN2_SCE_IRQHandler
                0x08001ccc                DMA2_Stream2_IRQHandler
                0x08001ccc                SPI1_IRQHandler
                0x08001ccc                TIM1_BRK_TIM9_IRQHandler
                0x08001ccc                DCMI_IRQHandler
                0x08001ccc                CAN2_RX0_IRQHandler
                0x08001ccc                DMA2_Stream3_IRQHandler
                0x08001ccc                USART3_IRQHandler
                0x08001ccc                UART5_IRQHandler
                0x08001ccc                DMA2_Stream0_IRQHandler
                0x08001ccc                TIM4_IRQHandler
                0x08001ccc                I2C1_EV_IRQHandler
                0x08001ccc                DMA1_Stream6_IRQHandler
                0x08001ccc                DMA1_Stream1_IRQHandler
                0x08001ccc                UART4_IRQHandler
                0x08001ccc                TIM3_IRQHandler
                0x08001ccc                RCC_IRQHandler
                0x08001ccc                TIM8_BRK_TIM12_IRQHandler
                0x08001ccc                Default_Handler
                0x08001ccc                EXTI15_10_IRQHandler
                0x08001ccc                ADC_IRQHandler
                0x08001ccc                DMA1_Stream7_IRQHandler
                0x08001ccc                TIM7_IRQHandler
                0x08001ccc                CAN2_TX_IRQHandler
                0x08001ccc                TIM5_IRQHandler
                0x08001ccc                DMA2_Stream7_IRQHandler
                0x08001ccc                I2C3_EV_IRQHandler
                0x08001ccc                EXTI9_5_IRQHandler
                0x08001ccc                RTC_WKUP_IRQHandler
                0x08001ccc                ETH_WKUP_IRQHandler
                0x08001ccc                SPI2_IRQHandler
                0x08001ccc                OTG_HS_EP1_IN_IRQHandler
                0x08001ccc                DMA1_Stream0_IRQHandler
                0x08001ccc                EXTI4_IRQHandler
                0x08001ccc                FSMC_IRQHandler
                0x08001ccc                ETH_IRQHandler
                0x08001ccc                OTG_HS_EP1_OUT_IRQHandler
                0x08001ccc                WWDG_IRQHandler
                0x08001ccc                TIM2_IRQHandler
                0x08001ccc                OTG_FS_WKUP_IRQHandler
                0x08001ccc                TIM1_TRG_COM_TIM11_IRQHandler
                0x08001ccc                OTG_HS_IRQHandler
                0x08001ccc                EXTI1_IRQHandler
                0x08001ccc                USART2_IRQHandler
                0x08001ccc                I2C2_ER_IRQHandler
                0x08001ccc                FLASH_IRQHandler
                0x08001ccc                DMA2_Stream4_IRQHandler
                0x08001ccc                SPI3_IRQHandler
                0x08001ccc                DMA1_Stream4_IRQHandler
                0x08001ccc                I2C1_ER_IRQHandler
                0x08001ccc                DMA1_Stream3_IRQHandler
 *fill*         0x08001cce        0x2 
 .text.HAL_Init
                0x08001cd0       0x34 CMakeFiles/STM32F407IGH6.elf.dir/Drivers/STM32F4xx_HAL_Driver/Src/stm32f4xx_hal.c.obj
                0x08001cd0                HAL_Init
 .text.HAL_IncTick
                0x08001d04       0x18 CMakeFiles/STM32F407IGH6.elf.dir/Drivers/STM32F4xx_HAL_Driver/Src/stm32f4xx_hal.c.obj
                0x08001d04                HAL_IncTick
 .text.HAL_GetTick
                0x08001d1c        0xc CMakeFiles/STM32F407IGH6.elf.dir/Drivers/STM32F4xx_HAL_Driver/Src/stm32f4xx_hal.c.obj
                0x08001d1c                HAL_GetTick
 .text.HAL_Delay
                0x08001d28       0x28 CMakeFiles/STM32F407IGH6.elf.dir/Drivers/STM32F4xx_HAL_Driver/Src/stm32f4xx_hal.c.obj
                0x08001d28                HAL_Delay
 .text.HAL_CAN_Init
                0x08001d50      0x14c CMakeFiles/STM32F407IGH6.elf.dir/Drivers/STM32F4xx_HAL_Driver/Src/stm32f4xx_hal_can.c.obj
                0x08001d50                HAL_CAN_Init
 .text.HAL_CAN_TxMailbox0CompleteCallback
                0x08001e9c        0x2 CMakeFiles/STM32F407IGH6.elf.dir/Drivers/STM32F4xx_HAL_Driver/Src/stm32f4xx_hal_can.c.obj
                0x08001e9c                HAL_CAN_TxMailbox0CompleteCallback
 .text.HAL_CAN_TxMailbox1CompleteCallback
                0x08001e9e        0x2 CMakeFiles/STM32F407IGH6.elf.dir/Drivers/STM32F4xx_HAL_Driver/Src/stm32f4xx_hal_can.c.obj
                0x08001e9e                HAL_CAN_TxMailbox1CompleteCallback
 .text.HAL_CAN_TxMailbox2CompleteCallback
                0x08001ea0        0x2 CMakeFiles/STM32F407IGH6.elf.dir/Drivers/STM32F4xx_HAL_Driver/Src/stm32f4xx_hal_can.c.obj
                0x08001ea0                HAL_CAN_TxMailbox2CompleteCallback
 .text.HAL_CAN_TxMailbox0AbortCallback
                0x08001ea2        0x2 CMakeFiles/STM32F407IGH6.elf.dir/Drivers/STM32F4xx_HAL_Driver/Src/stm32f4xx_hal_can.c.obj
                0x08001ea2                HAL_CAN_TxMailbox0AbortCallback
 .text.HAL_CAN_TxMailbox1AbortCallback
                0x08001ea4        0x2 CMakeFiles/STM32F407IGH6.elf.dir/Drivers/STM32F4xx_HAL_Driver/Src/stm32f4xx_hal_can.c.obj
                0x08001ea4                HAL_CAN_TxMailbox1AbortCallback
 .text.HAL_CAN_TxMailbox2AbortCallback
                0x08001ea6        0x2 CMakeFiles/STM32F407IGH6.elf.dir/Drivers/STM32F4xx_HAL_Driver/Src/stm32f4xx_hal_can.c.obj
                0x08001ea6                HAL_CAN_TxMailbox2AbortCallback
 .text.HAL_CAN_RxFifo0MsgPendingCallback
                0x08001ea8        0x2 CMakeFiles/STM32F407IGH6.elf.dir/Drivers/STM32F4xx_HAL_Driver/Src/stm32f4xx_hal_can.c.obj
                0x08001ea8                HAL_CAN_RxFifo0MsgPendingCallback
 .text.HAL_CAN_RxFifo0FullCallback
                0x08001eaa        0x2 CMakeFiles/STM32F407IGH6.elf.dir/Drivers/STM32F4xx_HAL_Driver/Src/stm32f4xx_hal_can.c.obj
                0x08001eaa                HAL_CAN_RxFifo0FullCallback
 .text.HAL_CAN_RxFifo1MsgPendingCallback
                0x08001eac        0x2 CMakeFiles/STM32F407IGH6.elf.dir/Drivers/STM32F4xx_HAL_Driver/Src/stm32f4xx_hal_can.c.obj
                0x08001eac                HAL_CAN_RxFifo1MsgPendingCallback
 .text.HAL_CAN_RxFifo1FullCallback
                0x08001eae        0x2 CMakeFiles/STM32F407IGH6.elf.dir/Drivers/STM32F4xx_HAL_Driver/Src/stm32f4xx_hal_can.c.obj
                0x08001eae                HAL_CAN_RxFifo1FullCallback
 .text.HAL_CAN_SleepCallback
                0x08001eb0        0x2 CMakeFiles/STM32F407IGH6.elf.dir/Drivers/STM32F4xx_HAL_Driver/Src/stm32f4xx_hal_can.c.obj
                0x08001eb0                HAL_CAN_SleepCallback
 .text.HAL_CAN_WakeUpFromRxMsgCallback
                0x08001eb2        0x2 CMakeFiles/STM32F407IGH6.elf.dir/Drivers/STM32F4xx_HAL_Driver/Src/stm32f4xx_hal_can.c.obj
                0x08001eb2                HAL_CAN_WakeUpFromRxMsgCallback
 .text.HAL_CAN_ErrorCallback
                0x08001eb4        0x2 CMakeFiles/STM32F407IGH6.elf.dir/Drivers/STM32F4xx_HAL_Driver/Src/stm32f4xx_hal_can.c.obj
                0x08001eb4                HAL_CAN_ErrorCallback
 .text.HAL_CAN_IRQHandler
                0x08001eb6      0x24a CMakeFiles/STM32F407IGH6.elf.dir/Drivers/STM32F4xx_HAL_Driver/Src/stm32f4xx_hal_can.c.obj
                0x08001eb6                HAL_CAN_IRQHandler
 .text.HAL_NVIC_SetPriorityGrouping
                0x08002100       0x24 CMakeFiles/STM32F407IGH6.elf.dir/Drivers/STM32F4xx_HAL_Driver/Src/stm32f4xx_hal_cortex.c.obj
                0x08002100                HAL_NVIC_SetPriorityGrouping
 .text.HAL_NVIC_SetPriority
                0x08002124       0x68 CMakeFiles/STM32F407IGH6.elf.dir/Drivers/STM32F4xx_HAL_Driver/Src/stm32f4xx_hal_cortex.c.obj
                0x08002124                HAL_NVIC_SetPriority
 .text.HAL_NVIC_EnableIRQ
                0x0800218c       0x1c CMakeFiles/STM32F407IGH6.elf.dir/Drivers/STM32F4xx_HAL_Driver/Src/stm32f4xx_hal_cortex.c.obj
                0x0800218c                HAL_NVIC_EnableIRQ
 .text.DMA_SetConfig
                0x080021a8       0x2c CMakeFiles/STM32F407IGH6.elf.dir/Drivers/STM32F4xx_HAL_Driver/Src/stm32f4xx_hal_dma.c.obj
 .text.DMA_CalcBaseAndBitshift
                0x080021d4       0x44 CMakeFiles/STM32F407IGH6.elf.dir/Drivers/STM32F4xx_HAL_Driver/Src/stm32f4xx_hal_dma.c.obj
 .text.DMA_CheckFifoParam
                0x08002218       0x8e CMakeFiles/STM32F407IGH6.elf.dir/Drivers/STM32F4xx_HAL_Driver/Src/stm32f4xx_hal_dma.c.obj
 *fill*         0x080022a6        0x2 
 .text.HAL_DMA_Init
                0x080022a8       0xcc CMakeFiles/STM32F407IGH6.elf.dir/Drivers/STM32F4xx_HAL_Driver/Src/stm32f4xx_hal_dma.c.obj
                0x080022a8                HAL_DMA_Init
 .text.HAL_DMA_Start_IT
                0x08002374       0x6a CMakeFiles/STM32F407IGH6.elf.dir/Drivers/STM32F4xx_HAL_Driver/Src/stm32f4xx_hal_dma.c.obj
                0x08002374                HAL_DMA_Start_IT
 .text.HAL_DMA_Abort
                0x080023de       0x94 CMakeFiles/STM32F407IGH6.elf.dir/Drivers/STM32F4xx_HAL_Driver/Src/stm32f4xx_hal_dma.c.obj
                0x080023de                HAL_DMA_Abort
 .text.HAL_DMA_Abort_IT
                0x08002472       0x26 CMakeFiles/STM32F407IGH6.elf.dir/Drivers/STM32F4xx_HAL_Driver/Src/stm32f4xx_hal_dma.c.obj
                0x08002472                HAL_DMA_Abort_IT
 .text.HAL_DMA_IRQHandler
                0x08002498      0x1dc CMakeFiles/STM32F407IGH6.elf.dir/Drivers/STM32F4xx_HAL_Driver/Src/stm32f4xx_hal_dma.c.obj
                0x08002498                HAL_DMA_IRQHandler
 .text.HAL_GPIO_Init
                0x08002674      0x1d4 CMakeFiles/STM32F407IGH6.elf.dir/Drivers/STM32F4xx_HAL_Driver/Src/stm32f4xx_hal_gpio.c.obj
                0x08002674                HAL_GPIO_Init
 .text.HAL_GPIO_WritePin
                0x08002848        0xc CMakeFiles/STM32F407IGH6.elf.dir/Drivers/STM32F4xx_HAL_Driver/Src/stm32f4xx_hal_gpio.c.obj
                0x08002848                HAL_GPIO_WritePin
 .text.HAL_GPIO_TogglePin
                0x08002854       0x12 CMakeFiles/STM32F407IGH6.elf.dir/Drivers/STM32F4xx_HAL_Driver/Src/stm32f4xx_hal_gpio.c.obj
                0x08002854                HAL_GPIO_TogglePin
 .text.PCD_WriteEmptyTxFifo
                0x08002866       0xd2 CMakeFiles/STM32F407IGH6.elf.dir/Drivers/STM32F4xx_HAL_Driver/Src/stm32f4xx_hal_pcd.c.obj
 .text.HAL_PCD_Init
                0x08002938      0x100 CMakeFiles/STM32F407IGH6.elf.dir/Drivers/STM32F4xx_HAL_Driver/Src/stm32f4xx_hal_pcd.c.obj
                0x08002938                HAL_PCD_Init
 .text.HAL_PCD_Start
                0x08002a38       0x44 CMakeFiles/STM32F407IGH6.elf.dir/Drivers/STM32F4xx_HAL_Driver/Src/stm32f4xx_hal_pcd.c.obj
                0x08002a38                HAL_PCD_Start
 .text.PCD_EP_OutXfrComplete_int
                0x08002a7c      0x104 CMakeFiles/STM32F407IGH6.elf.dir/Drivers/STM32F4xx_HAL_Driver/Src/stm32f4xx_hal_pcd.c.obj
 .text.PCD_EP_OutSetupPacket_int
                0x08002b80       0x50 CMakeFiles/STM32F407IGH6.elf.dir/Drivers/STM32F4xx_HAL_Driver/Src/stm32f4xx_hal_pcd.c.obj
 .text.HAL_PCD_SetAddress
                0x08002bd0       0x26 CMakeFiles/STM32F407IGH6.elf.dir/Drivers/STM32F4xx_HAL_Driver/Src/stm32f4xx_hal_pcd.c.obj
                0x08002bd0                HAL_PCD_SetAddress
 .text.HAL_PCD_EP_Open
                0x08002bf6       0x88 CMakeFiles/STM32F407IGH6.elf.dir/Drivers/STM32F4xx_HAL_Driver/Src/stm32f4xx_hal_pcd.c.obj
                0x08002bf6                HAL_PCD_EP_Open
 .text.HAL_PCD_EP_Close
                0x08002c7e       0x70 CMakeFiles/STM32F407IGH6.elf.dir/Drivers/STM32F4xx_HAL_Driver/Src/stm32f4xx_hal_pcd.c.obj
                0x08002c7e                HAL_PCD_EP_Close
 .text.HAL_PCD_EP_Receive
                0x08002cee       0x4a CMakeFiles/STM32F407IGH6.elf.dir/Drivers/STM32F4xx_HAL_Driver/Src/stm32f4xx_hal_pcd.c.obj
                0x08002cee                HAL_PCD_EP_Receive
 .text.HAL_PCD_EP_GetRxCount
                0x08002d38       0x12 CMakeFiles/STM32F407IGH6.elf.dir/Drivers/STM32F4xx_HAL_Driver/Src/stm32f4xx_hal_pcd.c.obj
                0x08002d38                HAL_PCD_EP_GetRxCount
 .text.HAL_PCD_EP_Transmit
                0x08002d4a       0x3e CMakeFiles/STM32F407IGH6.elf.dir/Drivers/STM32F4xx_HAL_Driver/Src/stm32f4xx_hal_pcd.c.obj
                0x08002d4a                HAL_PCD_EP_Transmit
 .text.HAL_PCD_EP_SetStall
                0x08002d88       0x86 CMakeFiles/STM32F407IGH6.elf.dir/Drivers/STM32F4xx_HAL_Driver/Src/stm32f4xx_hal_pcd.c.obj
                0x08002d88                HAL_PCD_EP_SetStall
 .text.HAL_PCD_EP_ClrStall
                0x08002e0e       0x74 CMakeFiles/STM32F407IGH6.elf.dir/Drivers/STM32F4xx_HAL_Driver/Src/stm32f4xx_hal_pcd.c.obj
                0x08002e0e                HAL_PCD_EP_ClrStall
 .text.HAL_PCD_EP_Abort
                0x08002e82       0x34 CMakeFiles/STM32F407IGH6.elf.dir/Drivers/STM32F4xx_HAL_Driver/Src/stm32f4xx_hal_pcd.c.obj
                0x08002e82                HAL_PCD_EP_Abort
 .text.HAL_PCD_IRQHandler
                0x08002eb6      0x5f0 CMakeFiles/STM32F407IGH6.elf.dir/Drivers/STM32F4xx_HAL_Driver/Src/stm32f4xx_hal_pcd.c.obj
                0x08002eb6                HAL_PCD_IRQHandler
 .text.HAL_PCDEx_SetTxFiFo
                0x080034a6       0x48 CMakeFiles/STM32F407IGH6.elf.dir/Drivers/STM32F4xx_HAL_Driver/Src/stm32f4xx_hal_pcd_ex.c.obj
                0x080034a6                HAL_PCDEx_SetTxFiFo
 .text.HAL_PCDEx_SetRxFiFo
                0x080034ee        0x8 CMakeFiles/STM32F407IGH6.elf.dir/Drivers/STM32F4xx_HAL_Driver/Src/stm32f4xx_hal_pcd_ex.c.obj
                0x080034ee                HAL_PCDEx_SetRxFiFo
 .text.HAL_PCDEx_LPM_Callback
                0x080034f6        0x2 CMakeFiles/STM32F407IGH6.elf.dir/Drivers/STM32F4xx_HAL_Driver/Src/stm32f4xx_hal_pcd_ex.c.obj
                0x080034f6                HAL_PCDEx_LPM_Callback
 .text.HAL_RCC_OscConfig
                0x080034f8      0x3f8 CMakeFiles/STM32F407IGH6.elf.dir/Drivers/STM32F4xx_HAL_Driver/Src/stm32f4xx_hal_rcc.c.obj
                0x080034f8                HAL_RCC_OscConfig
 .text.HAL_RCC_GetSysClockFreq
                0x080038f0       0xa0 CMakeFiles/STM32F407IGH6.elf.dir/Drivers/STM32F4xx_HAL_Driver/Src/stm32f4xx_hal_rcc.c.obj
                0x080038f0                HAL_RCC_GetSysClockFreq
 .text.HAL_RCC_ClockConfig
                0x08003990      0x160 CMakeFiles/STM32F407IGH6.elf.dir/Drivers/STM32F4xx_HAL_Driver/Src/stm32f4xx_hal_rcc.c.obj
                0x08003990                HAL_RCC_ClockConfig
 .text.HAL_RCC_GetHCLKFreq
                0x08003af0        0xc CMakeFiles/STM32F407IGH6.elf.dir/Drivers/STM32F4xx_HAL_Driver/Src/stm32f4xx_hal_rcc.c.obj
                0x08003af0                HAL_RCC_GetHCLKFreq
 .text.HAL_RCC_GetPCLK1Freq
                0x08003afc       0x20 CMakeFiles/STM32F407IGH6.elf.dir/Drivers/STM32F4xx_HAL_Driver/Src/stm32f4xx_hal_rcc.c.obj
                0x08003afc                HAL_RCC_GetPCLK1Freq
 .text.HAL_RCC_GetPCLK2Freq
                0x08003b1c       0x20 CMakeFiles/STM32F407IGH6.elf.dir/Drivers/STM32F4xx_HAL_Driver/Src/stm32f4xx_hal_rcc.c.obj
                0x08003b1c                HAL_RCC_GetPCLK2Freq
 .text.HAL_RCC_GetClockConfig
                0x08003b3c       0x3c CMakeFiles/STM32F407IGH6.elf.dir/Drivers/STM32F4xx_HAL_Driver/Src/stm32f4xx_hal_rcc.c.obj
                0x08003b3c                HAL_RCC_GetClockConfig
 .text.HAL_TIM_Base_MspInit
                0x08003b78        0x2 CMakeFiles/STM32F407IGH6.elf.dir/Drivers/STM32F4xx_HAL_Driver/Src/stm32f4xx_hal_tim.c.obj
                0x08003b78                HAL_TIM_Base_MspInit
 *fill*         0x08003b7a        0x2 
 .text.HAL_TIM_Base_Start_IT
                0x08003b7c       0x88 CMakeFiles/STM32F407IGH6.elf.dir/Drivers/STM32F4xx_HAL_Driver/Src/stm32f4xx_hal_tim.c.obj
                0x08003b7c                HAL_TIM_Base_Start_IT
 .text.HAL_TIM_OC_DelayElapsedCallback
                0x08003c04        0x2 CMakeFiles/STM32F407IGH6.elf.dir/Drivers/STM32F4xx_HAL_Driver/Src/stm32f4xx_hal_tim.c.obj
                0x08003c04                HAL_TIM_OC_DelayElapsedCallback
 .text.HAL_TIM_IC_CaptureCallback
                0x08003c06        0x2 CMakeFiles/STM32F407IGH6.elf.dir/Drivers/STM32F4xx_HAL_Driver/Src/stm32f4xx_hal_tim.c.obj
                0x08003c06                HAL_TIM_IC_CaptureCallback
 .text.HAL_TIM_PWM_PulseFinishedCallback
                0x08003c08        0x2 CMakeFiles/STM32F407IGH6.elf.dir/Drivers/STM32F4xx_HAL_Driver/Src/stm32f4xx_hal_tim.c.obj
                0x08003c08                HAL_TIM_PWM_PulseFinishedCallback
 .text.HAL_TIM_TriggerCallback
                0x08003c0a        0x2 CMakeFiles/STM32F407IGH6.elf.dir/Drivers/STM32F4xx_HAL_Driver/Src/stm32f4xx_hal_tim.c.obj
                0x08003c0a                HAL_TIM_TriggerCallback
 .text.HAL_TIM_IRQHandler
                0x08003c0c      0x15e CMakeFiles/STM32F407IGH6.elf.dir/Drivers/STM32F4xx_HAL_Driver/Src/stm32f4xx_hal_tim.c.obj
                0x08003c0c                HAL_TIM_IRQHandler
 *fill*         0x08003d6a        0x2 
 .text.TIM_Base_SetConfig
                0x08003d6c       0xd8 CMakeFiles/STM32F407IGH6.elf.dir/Drivers/STM32F4xx_HAL_Driver/Src/stm32f4xx_hal_tim.c.obj
                0x08003d6c                TIM_Base_SetConfig
 .text.HAL_TIM_Base_Init
                0x08003e44       0x58 CMakeFiles/STM32F407IGH6.elf.dir/Drivers/STM32F4xx_HAL_Driver/Src/stm32f4xx_hal_tim.c.obj
                0x08003e44                HAL_TIM_Base_Init
 .text.HAL_TIMEx_CommutCallback
                0x08003e9c        0x2 CMakeFiles/STM32F407IGH6.elf.dir/Drivers/STM32F4xx_HAL_Driver/Src/stm32f4xx_hal_tim_ex.c.obj
                0x08003e9c                HAL_TIMEx_CommutCallback
 .text.HAL_TIMEx_BreakCallback
                0x08003e9e        0x2 CMakeFiles/STM32F407IGH6.elf.dir/Drivers/STM32F4xx_HAL_Driver/Src/stm32f4xx_hal_tim_ex.c.obj
                0x08003e9e                HAL_TIMEx_BreakCallback
 .text.UART_EndTxTransfer
                0x08003ea0       0x20 CMakeFiles/STM32F407IGH6.elf.dir/Drivers/STM32F4xx_HAL_Driver/Src/stm32f4xx_hal_uart.c.obj
 .text.UART_EndRxTransfer
                0x08003ec0       0x5c CMakeFiles/STM32F407IGH6.elf.dir/Drivers/STM32F4xx_HAL_Driver/Src/stm32f4xx_hal_uart.c.obj
 .text.UART_Transmit_IT
                0x08003f1c       0x60 CMakeFiles/STM32F407IGH6.elf.dir/Drivers/STM32F4xx_HAL_Driver/Src/stm32f4xx_hal_uart.c.obj
 .text.UART_SetConfig
                0x08003f7c      0x11c CMakeFiles/STM32F407IGH6.elf.dir/Drivers/STM32F4xx_HAL_Driver/Src/stm32f4xx_hal_uart.c.obj
 .text.UART_WaitOnFlagUntilTimeout
                0x08004098       0x86 CMakeFiles/STM32F407IGH6.elf.dir/Drivers/STM32F4xx_HAL_Driver/Src/stm32f4xx_hal_uart.c.obj
 .text.HAL_UART_Init
                0x0800411e       0x60 CMakeFiles/STM32F407IGH6.elf.dir/Drivers/STM32F4xx_HAL_Driver/Src/stm32f4xx_hal_uart.c.obj
                0x0800411e                HAL_UART_Init
 .text.HAL_UART_Transmit
                0x0800417e       0xcc CMakeFiles/STM32F407IGH6.elf.dir/Drivers/STM32F4xx_HAL_Driver/Src/stm32f4xx_hal_uart.c.obj
                0x0800417e                HAL_UART_Transmit
 .text.HAL_UART_Receive
                0x0800424a       0xd2 CMakeFiles/STM32F407IGH6.elf.dir/Drivers/STM32F4xx_HAL_Driver/Src/stm32f4xx_hal_uart.c.obj
                0x0800424a                HAL_UART_Receive
 .text.HAL_UART_Transmit_DMA
                0x0800431c       0x84 CMakeFiles/STM32F407IGH6.elf.dir/Drivers/STM32F4xx_HAL_Driver/Src/stm32f4xx_hal_uart.c.obj
                0x0800431c                HAL_UART_Transmit_DMA
 .text.HAL_UART_DMAStop
                0x080043a0       0x84 CMakeFiles/STM32F407IGH6.elf.dir/Drivers/STM32F4xx_HAL_Driver/Src/stm32f4xx_hal_uart.c.obj
                0x080043a0                HAL_UART_DMAStop
 .text.HAL_UART_TxCpltCallback
                0x08004424        0x2 CMakeFiles/STM32F407IGH6.elf.dir/Drivers/STM32F4xx_HAL_Driver/Src/stm32f4xx_hal_uart.c.obj
                0x08004424                HAL_UART_TxCpltCallback
 .text.UART_DMATransmitCplt
                0x08004426       0x4c CMakeFiles/STM32F407IGH6.elf.dir/Drivers/STM32F4xx_HAL_Driver/Src/stm32f4xx_hal_uart.c.obj
 .text.UART_EndTransmit_IT
                0x08004472       0x1a CMakeFiles/STM32F407IGH6.elf.dir/Drivers/STM32F4xx_HAL_Driver/Src/stm32f4xx_hal_uart.c.obj
 .text.HAL_UART_TxHalfCpltCallback
                0x0800448c        0x2 CMakeFiles/STM32F407IGH6.elf.dir/Drivers/STM32F4xx_HAL_Driver/Src/stm32f4xx_hal_uart.c.obj
                0x0800448c                HAL_UART_TxHalfCpltCallback
 .text.UART_DMATxHalfCplt
                0x0800448e        0xa CMakeFiles/STM32F407IGH6.elf.dir/Drivers/STM32F4xx_HAL_Driver/Src/stm32f4xx_hal_uart.c.obj
 .text.HAL_UART_RxCpltCallback
                0x08004498        0x2 CMakeFiles/STM32F407IGH6.elf.dir/Drivers/STM32F4xx_HAL_Driver/Src/stm32f4xx_hal_uart.c.obj
                0x08004498                HAL_UART_RxCpltCallback
 .text.HAL_UART_RxHalfCpltCallback
                0x0800449a        0x2 CMakeFiles/STM32F407IGH6.elf.dir/Drivers/STM32F4xx_HAL_Driver/Src/stm32f4xx_hal_uart.c.obj
                0x0800449a                HAL_UART_RxHalfCpltCallback
 .text.HAL_UART_ErrorCallback
                0x0800449c        0x2 CMakeFiles/STM32F407IGH6.elf.dir/Drivers/STM32F4xx_HAL_Driver/Src/stm32f4xx_hal_uart.c.obj
                0x0800449c                HAL_UART_ErrorCallback
 .text.UART_DMAError
                0x0800449e       0x58 CMakeFiles/STM32F407IGH6.elf.dir/Drivers/STM32F4xx_HAL_Driver/Src/stm32f4xx_hal_uart.c.obj
 .text.UART_DMAAbortOnError
                0x080044f6       0x10 CMakeFiles/STM32F407IGH6.elf.dir/Drivers/STM32F4xx_HAL_Driver/Src/stm32f4xx_hal_uart.c.obj
 .text.HAL_UARTEx_RxEventCallback
                0x08004506        0x2 CMakeFiles/STM32F407IGH6.elf.dir/Drivers/STM32F4xx_HAL_Driver/Src/stm32f4xx_hal_uart.c.obj
                0x08004506                HAL_UARTEx_RxEventCallback
 .text.UART_Receive_IT
                0x08004508       0xe6 CMakeFiles/STM32F407IGH6.elf.dir/Drivers/STM32F4xx_HAL_Driver/Src/stm32f4xx_hal_uart.c.obj
 *fill*         0x080045ee        0x2 
 .text.HAL_UART_IRQHandler
                0x080045f0      0x288 CMakeFiles/STM32F407IGH6.elf.dir/Drivers/STM32F4xx_HAL_Driver/Src/stm32f4xx_hal_uart.c.obj
                0x080045f0                HAL_UART_IRQHandler
 .text.UART_DMARxHalfCplt
                0x08004878       0x1e CMakeFiles/STM32F407IGH6.elf.dir/Drivers/STM32F4xx_HAL_Driver/Src/stm32f4xx_hal_uart.c.obj
 .text.UART_DMAReceiveCplt
                0x08004896       0x9a CMakeFiles/STM32F407IGH6.elf.dir/Drivers/STM32F4xx_HAL_Driver/Src/stm32f4xx_hal_uart.c.obj
 .text.UART_Start_Receive_DMA
                0x08004930       0xa4 CMakeFiles/STM32F407IGH6.elf.dir/Drivers/STM32F4xx_HAL_Driver/Src/stm32f4xx_hal_uart.c.obj
                0x08004930                UART_Start_Receive_DMA
 .text.HAL_UART_Receive_DMA
                0x080049d4       0x26 CMakeFiles/STM32F407IGH6.elf.dir/Drivers/STM32F4xx_HAL_Driver/Src/stm32f4xx_hal_uart.c.obj
                0x080049d4                HAL_UART_Receive_DMA
 .text.USB_CoreReset
                0x080049fa       0x4a CMakeFiles/STM32F407IGH6.elf.dir/Drivers/STM32F4xx_HAL_Driver/Src/stm32f4xx_ll_usb.c.obj
 .text.USB_CoreInit
                0x08004a44       0x92 CMakeFiles/STM32F407IGH6.elf.dir/Drivers/STM32F4xx_HAL_Driver/Src/stm32f4xx_ll_usb.c.obj
                0x08004a44                USB_CoreInit
 *fill*         0x08004ad6        0x2 
 .text.USB_SetTurnaroundTime
                0x08004ad8       0xe4 CMakeFiles/STM32F407IGH6.elf.dir/Drivers/STM32F4xx_HAL_Driver/Src/stm32f4xx_ll_usb.c.obj
                0x08004ad8                USB_SetTurnaroundTime
 .text.USB_EnableGlobalInt
                0x08004bbc        0xc CMakeFiles/STM32F407IGH6.elf.dir/Drivers/STM32F4xx_HAL_Driver/Src/stm32f4xx_ll_usb.c.obj
                0x08004bbc                USB_EnableGlobalInt
 .text.USB_DisableGlobalInt
                0x08004bc8        0xc CMakeFiles/STM32F407IGH6.elf.dir/Drivers/STM32F4xx_HAL_Driver/Src/stm32f4xx_ll_usb.c.obj
                0x08004bc8                USB_DisableGlobalInt
 .text.USB_FlushTxFifo
                0x08004bd4       0x4a CMakeFiles/STM32F407IGH6.elf.dir/Drivers/STM32F4xx_HAL_Driver/Src/stm32f4xx_ll_usb.c.obj
                0x08004bd4                USB_FlushTxFifo
 .text.USB_FlushRxFifo
                0x08004c1e       0x46 CMakeFiles/STM32F407IGH6.elf.dir/Drivers/STM32F4xx_HAL_Driver/Src/stm32f4xx_ll_usb.c.obj
                0x08004c1e                USB_FlushRxFifo
 .text.USB_SetDevSpeed
                0x08004c64        0xe CMakeFiles/STM32F407IGH6.elf.dir/Drivers/STM32F4xx_HAL_Driver/Src/stm32f4xx_ll_usb.c.obj
                0x08004c64                USB_SetDevSpeed
 *fill*         0x08004c72        0x2 
 .text.USB_DevInit
                0x08004c74      0x198 CMakeFiles/STM32F407IGH6.elf.dir/Drivers/STM32F4xx_HAL_Driver/Src/stm32f4xx_ll_usb.c.obj
                0x08004c74                USB_DevInit
 .text.USB_GetDevSpeed
                0x08004e0c       0x22 CMakeFiles/STM32F407IGH6.elf.dir/Drivers/STM32F4xx_HAL_Driver/Src/stm32f4xx_ll_usb.c.obj
                0x08004e0c                USB_GetDevSpeed
 .text.USB_ActivateEndpoint
                0x08004e2e       0x94 CMakeFiles/STM32F407IGH6.elf.dir/Drivers/STM32F4xx_HAL_Driver/Src/stm32f4xx_ll_usb.c.obj
                0x08004e2e                USB_ActivateEndpoint
 *fill*         0x08004ec2        0x2 
 .text.USB_DeactivateEndpoint
                0x08004ec4       0xdc CMakeFiles/STM32F407IGH6.elf.dir/Drivers/STM32F4xx_HAL_Driver/Src/stm32f4xx_ll_usb.c.obj
                0x08004ec4                USB_DeactivateEndpoint
 .text.USB_EPStopXfer
                0x08004fa0       0xbe CMakeFiles/STM32F407IGH6.elf.dir/Drivers/STM32F4xx_HAL_Driver/Src/stm32f4xx_ll_usb.c.obj
                0x08004fa0                USB_EPStopXfer
 .text.USB_WritePacket
                0x0800505e       0x28 CMakeFiles/STM32F407IGH6.elf.dir/Drivers/STM32F4xx_HAL_Driver/Src/stm32f4xx_ll_usb.c.obj
                0x0800505e                USB_WritePacket
 *fill*         0x08005086        0x2 
 .text.USB_EPStartXfer
                0x08005088      0x244 CMakeFiles/STM32F407IGH6.elf.dir/Drivers/STM32F4xx_HAL_Driver/Src/stm32f4xx_ll_usb.c.obj
                0x08005088                USB_EPStartXfer
 .text.USB_ReadPacket
                0x080052cc       0x4c CMakeFiles/STM32F407IGH6.elf.dir/Drivers/STM32F4xx_HAL_Driver/Src/stm32f4xx_ll_usb.c.obj
                0x080052cc                USB_ReadPacket
 .text.USB_EPSetStall
                0x08005318       0x5a CMakeFiles/STM32F407IGH6.elf.dir/Drivers/STM32F4xx_HAL_Driver/Src/stm32f4xx_ll_usb.c.obj
                0x08005318                USB_EPSetStall
 .text.USB_EPClearStall
                0x08005372       0x5c CMakeFiles/STM32F407IGH6.elf.dir/Drivers/STM32F4xx_HAL_Driver/Src/stm32f4xx_ll_usb.c.obj
                0x08005372                USB_EPClearStall
 .text.USB_SetDevAddress
                0x080053ce       0x20 CMakeFiles/STM32F407IGH6.elf.dir/Drivers/STM32F4xx_HAL_Driver/Src/stm32f4xx_ll_usb.c.obj
                0x080053ce                USB_SetDevAddress
 .text.USB_DevConnect
                0x080053ee       0x1c CMakeFiles/STM32F407IGH6.elf.dir/Drivers/STM32F4xx_HAL_Driver/Src/stm32f4xx_ll_usb.c.obj
                0x080053ee                USB_DevConnect
 .text.USB_DevDisconnect
                0x0800540a       0x1c CMakeFiles/STM32F407IGH6.elf.dir/Drivers/STM32F4xx_HAL_Driver/Src/stm32f4xx_ll_usb.c.obj
                0x0800540a                USB_DevDisconnect
 .text.USB_ReadInterrupts
                0x08005426        0x8 CMakeFiles/STM32F407IGH6.elf.dir/Drivers/STM32F4xx_HAL_Driver/Src/stm32f4xx_ll_usb.c.obj
                0x08005426                USB_ReadInterrupts
 .text.USB_ReadDevAllOutEpInterrupt
                0x0800542e       0x10 CMakeFiles/STM32F407IGH6.elf.dir/Drivers/STM32F4xx_HAL_Driver/Src/stm32f4xx_ll_usb.c.obj
                0x0800542e                USB_ReadDevAllOutEpInterrupt
 .text.USB_ReadDevAllInEpInterrupt
                0x0800543e       0x10 CMakeFiles/STM32F407IGH6.elf.dir/Drivers/STM32F4xx_HAL_Driver/Src/stm32f4xx_ll_usb.c.obj
                0x0800543e                USB_ReadDevAllInEpInterrupt
 .text.USB_ReadDevOutEPInterrupt
                0x0800544e       0x12 CMakeFiles/STM32F407IGH6.elf.dir/Drivers/STM32F4xx_HAL_Driver/Src/stm32f4xx_ll_usb.c.obj
                0x0800544e                USB_ReadDevOutEPInterrupt
 .text.USB_ReadDevInEPInterrupt
                0x08005460       0x28 CMakeFiles/STM32F407IGH6.elf.dir/Drivers/STM32F4xx_HAL_Driver/Src/stm32f4xx_ll_usb.c.obj
                0x08005460                USB_ReadDevInEPInterrupt
 .text.USB_GetMode
                0x08005488        0x8 CMakeFiles/STM32F407IGH6.elf.dir/Drivers/STM32F4xx_HAL_Driver/Src/stm32f4xx_ll_usb.c.obj
                0x08005488                USB_GetMode
 .text.USB_SetCurrentMode
                0x08005490       0x62 CMakeFiles/STM32F407IGH6.elf.dir/Drivers/STM32F4xx_HAL_Driver/Src/stm32f4xx_ll_usb.c.obj
                0x08005490                USB_SetCurrentMode
 .text.USB_ActivateSetup
                0x080054f2       0x20 CMakeFiles/STM32F407IGH6.elf.dir/Drivers/STM32F4xx_HAL_Driver/Src/stm32f4xx_ll_usb.c.obj
                0x080054f2                USB_ActivateSetup
 *fill*         0x08005512        0x2 
 .text.USB_EP0_OutStart
                0x08005514       0x60 CMakeFiles/STM32F407IGH6.elf.dir/Drivers/STM32F4xx_HAL_Driver/Src/stm32f4xx_ll_usb.c.obj
                0x08005514                USB_EP0_OutStart
 .text.USBD_CDC_EP0_RxReady
                0x08005574       0x40 CMakeFiles/STM32F407IGH6.elf.dir/Middlewares/ST/STM32_USB_Device_Library/Class/CDC/Src/usbd_cdc.c.obj
 .text.USBD_CDC_GetDeviceQualifierDescriptor
                0x080055b4        0xc CMakeFiles/STM32F407IGH6.elf.dir/Middlewares/ST/STM32_USB_Device_Library/Class/CDC/Src/usbd_cdc.c.obj
                0x080055b4                USBD_CDC_GetDeviceQualifierDescriptor
 .text.USBD_CDC_GetOtherSpeedCfgDesc
                0x080055c0       0x48 CMakeFiles/STM32F407IGH6.elf.dir/Middlewares/ST/STM32_USB_Device_Library/Class/CDC/Src/usbd_cdc.c.obj
 .text.USBD_CDC_GetFSCfgDesc
                0x08005608       0x48 CMakeFiles/STM32F407IGH6.elf.dir/Middlewares/ST/STM32_USB_Device_Library/Class/CDC/Src/usbd_cdc.c.obj
 .text.USBD_CDC_GetHSCfgDesc
                0x08005650       0x48 CMakeFiles/STM32F407IGH6.elf.dir/Middlewares/ST/STM32_USB_Device_Library/Class/CDC/Src/usbd_cdc.c.obj
 .text.USBD_CDC_DataOut
                0x08005698       0x38 CMakeFiles/STM32F407IGH6.elf.dir/Middlewares/ST/STM32_USB_Device_Library/Class/CDC/Src/usbd_cdc.c.obj
 .text.USBD_CDC_DataIn
                0x080056d0       0x7c CMakeFiles/STM32F407IGH6.elf.dir/Middlewares/ST/STM32_USB_Device_Library/Class/CDC/Src/usbd_cdc.c.obj
 .text.USBD_CDC_Setup
                0x0800574c      0x11a CMakeFiles/STM32F407IGH6.elf.dir/Middlewares/ST/STM32_USB_Device_Library/Class/CDC/Src/usbd_cdc.c.obj
 .text.USBD_CDC_DeInit
                0x08005866       0x64 CMakeFiles/STM32F407IGH6.elf.dir/Middlewares/ST/STM32_USB_Device_Library/Class/CDC/Src/usbd_cdc.c.obj
 .text.USBD_CDC_Init
                0x080058ca       0xee CMakeFiles/STM32F407IGH6.elf.dir/Middlewares/ST/STM32_USB_Device_Library/Class/CDC/Src/usbd_cdc.c.obj
 .text.USBD_CDC_RegisterInterface
                0x080059b8       0x16 CMakeFiles/STM32F407IGH6.elf.dir/Middlewares/ST/STM32_USB_Device_Library/Class/CDC/Src/usbd_cdc.c.obj
                0x080059b8                USBD_CDC_RegisterInterface
 .text.USBD_CDC_SetTxBuffer
                0x080059ce       0x1c CMakeFiles/STM32F407IGH6.elf.dir/Middlewares/ST/STM32_USB_Device_Library/Class/CDC/Src/usbd_cdc.c.obj
                0x080059ce                USBD_CDC_SetTxBuffer
 .text.USBD_CDC_SetRxBuffer
                0x080059ea       0x18 CMakeFiles/STM32F407IGH6.elf.dir/Middlewares/ST/STM32_USB_Device_Library/Class/CDC/Src/usbd_cdc.c.obj
                0x080059ea                USBD_CDC_SetRxBuffer
 .text.USBD_CDC_TransmitPacket
                0x08005a02       0x3a CMakeFiles/STM32F407IGH6.elf.dir/Middlewares/ST/STM32_USB_Device_Library/Class/CDC/Src/usbd_cdc.c.obj
                0x08005a02                USBD_CDC_TransmitPacket
 .text.USBD_CDC_ReceivePacket
                0x08005a3c       0x38 CMakeFiles/STM32F407IGH6.elf.dir/Middlewares/ST/STM32_USB_Device_Library/Class/CDC/Src/usbd_cdc.c.obj
                0x08005a3c                USBD_CDC_ReceivePacket
 .text.USBD_Init
                0x08005a74       0x2e CMakeFiles/STM32F407IGH6.elf.dir/Middlewares/ST/STM32_USB_Device_Library/Core/Src/usbd_core.c.obj
                0x08005a74                USBD_Init
 .text.USBD_RegisterClass
                0x08005aa2       0x34 CMakeFiles/STM32F407IGH6.elf.dir/Middlewares/ST/STM32_USB_Device_Library/Core/Src/usbd_core.c.obj
                0x08005aa2                USBD_RegisterClass
 .text.USBD_Start
                0x08005ad6        0x8 CMakeFiles/STM32F407IGH6.elf.dir/Middlewares/ST/STM32_USB_Device_Library/Core/Src/usbd_core.c.obj
                0x08005ad6                USBD_Start
 .text.USBD_SetClassConfig
                0x08005ade       0x12 CMakeFiles/STM32F407IGH6.elf.dir/Middlewares/ST/STM32_USB_Device_Library/Core/Src/usbd_core.c.obj
                0x08005ade                USBD_SetClassConfig
 .text.USBD_ClrClassConfig
                0x08005af0       0x12 CMakeFiles/STM32F407IGH6.elf.dir/Middlewares/ST/STM32_USB_Device_Library/Core/Src/usbd_core.c.obj
                0x08005af0                USBD_ClrClassConfig
 .text.USBD_LL_SetupStage
                0x08005b02       0x58 CMakeFiles/STM32F407IGH6.elf.dir/Middlewares/ST/STM32_USB_Device_Library/Core/Src/usbd_core.c.obj
                0x08005b02                USBD_LL_SetupStage
 .text.USBD_LL_Reset
                0x08005b5a       0x64 CMakeFiles/STM32F407IGH6.elf.dir/Middlewares/ST/STM32_USB_Device_Library/Core/Src/usbd_core.c.obj
                0x08005b5a                USBD_LL_Reset
 .text.USBD_LL_SetSpeed
                0x08005bbe        0x6 CMakeFiles/STM32F407IGH6.elf.dir/Middlewares/ST/STM32_USB_Device_Library/Core/Src/usbd_core.c.obj
                0x08005bbe                USBD_LL_SetSpeed
 .text.USBD_LL_Suspend
                0x08005bc4       0x1e CMakeFiles/STM32F407IGH6.elf.dir/Middlewares/ST/STM32_USB_Device_Library/Core/Src/usbd_core.c.obj
                0x08005bc4                USBD_LL_Suspend
 .text.USBD_LL_Resume
                0x08005be2       0x1a CMakeFiles/STM32F407IGH6.elf.dir/Middlewares/ST/STM32_USB_Device_Library/Core/Src/usbd_core.c.obj
                0x08005be2                USBD_LL_Resume
 .text.USBD_LL_SOF
                0x08005bfc       0x22 CMakeFiles/STM32F407IGH6.elf.dir/Middlewares/ST/STM32_USB_Device_Library/Core/Src/usbd_core.c.obj
                0x08005bfc                USBD_LL_SOF
 .text.USBD_LL_IsoINIncomplete
                0x08005c1e       0x2e CMakeFiles/STM32F407IGH6.elf.dir/Middlewares/ST/STM32_USB_Device_Library/Core/Src/usbd_core.c.obj
                0x08005c1e                USBD_LL_IsoINIncomplete
 .text.USBD_LL_IsoOUTIncomplete
                0x08005c4c       0x2e CMakeFiles/STM32F407IGH6.elf.dir/Middlewares/ST/STM32_USB_Device_Library/Core/Src/usbd_core.c.obj
                0x08005c4c                USBD_LL_IsoOUTIncomplete
 .text.USBD_LL_DevConnected
                0x08005c7a        0x4 CMakeFiles/STM32F407IGH6.elf.dir/Middlewares/ST/STM32_USB_Device_Library/Core/Src/usbd_core.c.obj
                0x08005c7a                USBD_LL_DevConnected
 .text.USBD_LL_DevDisconnected
                0x08005c7e       0x20 CMakeFiles/STM32F407IGH6.elf.dir/Middlewares/ST/STM32_USB_Device_Library/Core/Src/usbd_core.c.obj
                0x08005c7e                USBD_LL_DevDisconnected
 .text.USBD_CoreFindIF
                0x08005c9e        0x4 CMakeFiles/STM32F407IGH6.elf.dir/Middlewares/ST/STM32_USB_Device_Library/Core/Src/usbd_core.c.obj
                0x08005c9e                USBD_CoreFindIF
 .text.USBD_CoreFindEP
                0x08005ca2        0x4 CMakeFiles/STM32F407IGH6.elf.dir/Middlewares/ST/STM32_USB_Device_Library/Core/Src/usbd_core.c.obj
                0x08005ca2                USBD_CoreFindEP
 .text.USBD_LL_DataOutStage
                0x08005ca6       0xd2 CMakeFiles/STM32F407IGH6.elf.dir/Middlewares/ST/STM32_USB_Device_Library/Core/Src/usbd_core.c.obj
                0x08005ca6                USBD_LL_DataOutStage
 .text.USBD_LL_DataInStage
                0x08005d78       0xdc CMakeFiles/STM32F407IGH6.elf.dir/Middlewares/ST/STM32_USB_Device_Library/Core/Src/usbd_core.c.obj
                0x08005d78                USBD_LL_DataInStage
 .text.USBD_GetNextDesc
                0x08005e54        0xe CMakeFiles/STM32F407IGH6.elf.dir/Middlewares/ST/STM32_USB_Device_Library/Core/Src/usbd_core.c.obj
                0x08005e54                USBD_GetNextDesc
 .text.USBD_GetEpDesc
                0x08005e62       0x3e CMakeFiles/STM32F407IGH6.elf.dir/Middlewares/ST/STM32_USB_Device_Library/Core/Src/usbd_core.c.obj
                0x08005e62                USBD_GetEpDesc
 .text.USBD_GetLen
                0x08005ea0       0x12 CMakeFiles/STM32F407IGH6.elf.dir/Middlewares/ST/STM32_USB_Device_Library/Core/Src/usbd_ctlreq.c.obj
 .text.USBD_ParseSetupRequest
                0x08005eb2       0x28 CMakeFiles/STM32F407IGH6.elf.dir/Middlewares/ST/STM32_USB_Device_Library/Core/Src/usbd_ctlreq.c.obj
                0x08005eb2                USBD_ParseSetupRequest
 .text.USBD_CtlError
                0x08005eda       0x14 CMakeFiles/STM32F407IGH6.elf.dir/Middlewares/ST/STM32_USB_Device_Library/Core/Src/usbd_ctlreq.c.obj
                0x08005eda                USBD_CtlError
 .text.USBD_GetDescriptor
                0x08005eee      0x18a CMakeFiles/STM32F407IGH6.elf.dir/Middlewares/ST/STM32_USB_Device_Library/Core/Src/usbd_ctlreq.c.obj
 .text.USBD_SetAddress
                0x08006078       0x50 CMakeFiles/STM32F407IGH6.elf.dir/Middlewares/ST/STM32_USB_Device_Library/Core/Src/usbd_ctlreq.c.obj
 .text.USBD_SetConfig
                0x080060c8       0xcc CMakeFiles/STM32F407IGH6.elf.dir/Middlewares/ST/STM32_USB_Device_Library/Core/Src/usbd_ctlreq.c.obj
 .text.USBD_GetConfig
                0x08006194       0x40 CMakeFiles/STM32F407IGH6.elf.dir/Middlewares/ST/STM32_USB_Device_Library/Core/Src/usbd_ctlreq.c.obj
 .text.USBD_GetStatus
                0x080061d4       0x38 CMakeFiles/STM32F407IGH6.elf.dir/Middlewares/ST/STM32_USB_Device_Library/Core/Src/usbd_ctlreq.c.obj
 .text.USBD_SetFeature
                0x0800620c       0x2a CMakeFiles/STM32F407IGH6.elf.dir/Middlewares/ST/STM32_USB_Device_Library/Core/Src/usbd_ctlreq.c.obj
 .text.USBD_ClrFeature
                0x08006236       0x26 CMakeFiles/STM32F407IGH6.elf.dir/Middlewares/ST/STM32_USB_Device_Library/Core/Src/usbd_ctlreq.c.obj
 .text.USBD_StdDevReq
                0x0800625c       0x76 CMakeFiles/STM32F407IGH6.elf.dir/Middlewares/ST/STM32_USB_Device_Library/Core/Src/usbd_ctlreq.c.obj
                0x0800625c                USBD_StdDevReq
 .text.USBD_StdItfReq
                0x080062d2       0x8c CMakeFiles/STM32F407IGH6.elf.dir/Middlewares/ST/STM32_USB_Device_Library/Core/Src/usbd_ctlreq.c.obj
                0x080062d2                USBD_StdItfReq
 .text.USBD_StdEPReq
                0x0800635e      0x238 CMakeFiles/STM32F407IGH6.elf.dir/Middlewares/ST/STM32_USB_Device_Library/Core/Src/usbd_ctlreq.c.obj
                0x0800635e                USBD_StdEPReq
 .text.USBD_GetString
                0x08006596       0x44 CMakeFiles/STM32F407IGH6.elf.dir/Middlewares/ST/STM32_USB_Device_Library/Core/Src/usbd_ctlreq.c.obj
                0x08006596                USBD_GetString
 .text.USBD_CtlSendData
                0x080065da       0x1a CMakeFiles/STM32F407IGH6.elf.dir/Middlewares/ST/STM32_USB_Device_Library/Core/Src/usbd_ioreq.c.obj
                0x080065da                USBD_CtlSendData
 .text.USBD_CtlContinueSendData
                0x080065f4       0x10 CMakeFiles/STM32F407IGH6.elf.dir/Middlewares/ST/STM32_USB_Device_Library/Core/Src/usbd_ioreq.c.obj
                0x080065f4                USBD_CtlContinueSendData
 .text.USBD_CtlPrepareRx
                0x08006604       0x1e CMakeFiles/STM32F407IGH6.elf.dir/Middlewares/ST/STM32_USB_Device_Library/Core/Src/usbd_ioreq.c.obj
                0x08006604                USBD_CtlPrepareRx
 .text.USBD_CtlContinueRx
                0x08006622       0x10 CMakeFiles/STM32F407IGH6.elf.dir/Middlewares/ST/STM32_USB_Device_Library/Core/Src/usbd_ioreq.c.obj
                0x08006622                USBD_CtlContinueRx
 .text.USBD_CtlSendStatus
                0x08006632       0x16 CMakeFiles/STM32F407IGH6.elf.dir/Middlewares/ST/STM32_USB_Device_Library/Core/Src/usbd_ioreq.c.obj
                0x08006632                USBD_CtlSendStatus
 .text.USBD_CtlReceiveStatus
                0x08006648       0x16 CMakeFiles/STM32F407IGH6.elf.dir/Middlewares/ST/STM32_USB_Device_Library/Core/Src/usbd_ioreq.c.obj
                0x08006648                USBD_CtlReceiveStatus
 *fill*         0x0800665e        0x2 
 .text.SysTick_Handler
                0x08006660       0x1c CMakeFiles/STM32F407IGH6.elf.dir/Middlewares/Third_Party/FreeRTOS/Source/CMSIS_RTOS_V2/cmsis_os2.c.obj
                0x08006660                SysTick_Handler
 .text.osKernelInitialize
                0x0800667c       0x24 CMakeFiles/STM32F407IGH6.elf.dir/Middlewares/Third_Party/FreeRTOS/Source/CMSIS_RTOS_V2/cmsis_os2.c.obj
                0x0800667c                osKernelInitialize
 .text.osKernelStart
                0x080066a0       0x38 CMakeFiles/STM32F407IGH6.elf.dir/Middlewares/Third_Party/FreeRTOS/Source/CMSIS_RTOS_V2/cmsis_os2.c.obj
                0x080066a0                osKernelStart
 .text.osThreadNew
                0x080066d8       0xbc CMakeFiles/STM32F407IGH6.elf.dir/Middlewares/Third_Party/FreeRTOS/Source/CMSIS_RTOS_V2/cmsis_os2.c.obj
                0x080066d8                osThreadNew
 .text.osDelay  0x08006794       0x1c CMakeFiles/STM32F407IGH6.elf.dir/Middlewares/Third_Party/FreeRTOS/Source/CMSIS_RTOS_V2/cmsis_os2.c.obj
                0x08006794                osDelay
 .text.vApplicationGetIdleTaskMemory
                0x080067b0       0x18 CMakeFiles/STM32F407IGH6.elf.dir/Middlewares/Third_Party/FreeRTOS/Source/CMSIS_RTOS_V2/cmsis_os2.c.obj
                0x080067b0                vApplicationGetIdleTaskMemory
 .text.vApplicationGetTimerTaskMemory
                0x080067c8       0x18 CMakeFiles/STM32F407IGH6.elf.dir/Middlewares/Third_Party/FreeRTOS/Source/CMSIS_RTOS_V2/cmsis_os2.c.obj
                0x080067c8                vApplicationGetTimerTaskMemory
 .text.vListInitialise
                0x080067e0       0x16 CMakeFiles/STM32F407IGH6.elf.dir/Middlewares/Third_Party/FreeRTOS/Source/list.c.obj
                0x080067e0                vListInitialise
 .text.vListInitialiseItem
                0x080067f6        0x6 CMakeFiles/STM32F407IGH6.elf.dir/Middlewares/Third_Party/FreeRTOS/Source/list.c.obj
                0x080067f6                vListInitialiseItem
 .text.vListInsertEnd
                0x080067fc       0x16 CMakeFiles/STM32F407IGH6.elf.dir/Middlewares/Third_Party/FreeRTOS/Source/list.c.obj
                0x080067fc                vListInsertEnd
 .text.vListInsert
                0x08006812       0x32 CMakeFiles/STM32F407IGH6.elf.dir/Middlewares/Third_Party/FreeRTOS/Source/list.c.obj
                0x08006812                vListInsert
 .text.uxListRemove
                0x08006844       0x26 CMakeFiles/STM32F407IGH6.elf.dir/Middlewares/Third_Party/FreeRTOS/Source/list.c.obj
                0x08006844                uxListRemove
 *fill*         0x0800686a        0x2 
 .text.prvTaskExitError
                0x0800686c       0x40 CMakeFiles/STM32F407IGH6.elf.dir/Middlewares/Third_Party/FreeRTOS/Source/portable/GCC/ARM_CM4F/port.c.obj
 .text.prvPortStartFirstTask
                0x080068ac       0x28 CMakeFiles/STM32F407IGH6.elf.dir/Middlewares/Third_Party/FreeRTOS/Source/portable/GCC/ARM_CM4F/port.c.obj
 .text.vPortEnableVFP
                0x080068d4       0x14 CMakeFiles/STM32F407IGH6.elf.dir/Middlewares/Third_Party/FreeRTOS/Source/portable/GCC/ARM_CM4F/port.c.obj
 .text.pxPortInitialiseStack
                0x080068e8       0x2c CMakeFiles/STM32F407IGH6.elf.dir/Middlewares/Third_Party/FreeRTOS/Source/portable/GCC/ARM_CM4F/port.c.obj
                0x080068e8                pxPortInitialiseStack
 *fill*         0x08006914        0xc 
 .text.SVC_Handler
                0x08006920       0x24 CMakeFiles/STM32F407IGH6.elf.dir/Middlewares/Third_Party/FreeRTOS/Source/portable/GCC/ARM_CM4F/port.c.obj
                0x08006920                SVC_Handler
 .text.vPortEnterCritical
                0x08006944       0x44 CMakeFiles/STM32F407IGH6.elf.dir/Middlewares/Third_Party/FreeRTOS/Source/portable/GCC/ARM_CM4F/port.c.obj
                0x08006944                vPortEnterCritical
 .text.vPortExitCritical
                0x08006988       0x2c CMakeFiles/STM32F407IGH6.elf.dir/Middlewares/Third_Party/FreeRTOS/Source/portable/GCC/ARM_CM4F/port.c.obj
                0x08006988                vPortExitCritical
 *fill*         0x080069b4        0xc 
 .text.PendSV_Handler
                0x080069c0       0x64 CMakeFiles/STM32F407IGH6.elf.dir/Middlewares/Third_Party/FreeRTOS/Source/portable/GCC/ARM_CM4F/port.c.obj
                0x080069c0                PendSV_Handler
 .text.xPortSysTickHandler
                0x08006a24       0x2c CMakeFiles/STM32F407IGH6.elf.dir/Middlewares/Third_Party/FreeRTOS/Source/portable/GCC/ARM_CM4F/port.c.obj
                0x08006a24                xPortSysTickHandler
 .text.vPortSetupTimerInterrupt
                0x08006a50       0x38 CMakeFiles/STM32F407IGH6.elf.dir/Middlewares/Third_Party/FreeRTOS/Source/portable/GCC/ARM_CM4F/port.c.obj
                0x08006a50                vPortSetupTimerInterrupt
 .text.xPortStartScheduler
                0x08006a88      0x110 CMakeFiles/STM32F407IGH6.elf.dir/Middlewares/Third_Party/FreeRTOS/Source/portable/GCC/ARM_CM4F/port.c.obj
                0x08006a88                xPortStartScheduler
 .text.vPortValidateInterruptPriority
                0x08006b98       0x5c CMakeFiles/STM32F407IGH6.elf.dir/Middlewares/Third_Party/FreeRTOS/Source/portable/GCC/ARM_CM4F/port.c.obj
                0x08006b98                vPortValidateInterruptPriority
 .text.prvHeapInit
                0x08006bf4       0x68 CMakeFiles/STM32F407IGH6.elf.dir/Middlewares/Third_Party/FreeRTOS/Source/portable/MemMang/heap_4.c.obj
 .text.prvInsertBlockIntoFreeList
                0x08006c5c       0x58 CMakeFiles/STM32F407IGH6.elf.dir/Middlewares/Third_Party/FreeRTOS/Source/portable/MemMang/heap_4.c.obj
 .text.pvPortMalloc
                0x08006cb4       0xfc CMakeFiles/STM32F407IGH6.elf.dir/Middlewares/Third_Party/FreeRTOS/Source/portable/MemMang/heap_4.c.obj
                0x08006cb4                pvPortMalloc
 .text.vPortFree
                0x08006db0       0x7c CMakeFiles/STM32F407IGH6.elf.dir/Middlewares/Third_Party/FreeRTOS/Source/portable/MemMang/heap_4.c.obj
                0x08006db0                vPortFree
 .text.prvIsQueueFull
                0x08006e2c       0x1e CMakeFiles/STM32F407IGH6.elf.dir/Middlewares/Third_Party/FreeRTOS/Source/queue.c.obj
 .text.prvIsQueueEmpty
                0x08006e4a       0x1a CMakeFiles/STM32F407IGH6.elf.dir/Middlewares/Third_Party/FreeRTOS/Source/queue.c.obj
 .text.prvCopyDataToQueue
                0x08006e64       0x76 CMakeFiles/STM32F407IGH6.elf.dir/Middlewares/Third_Party/FreeRTOS/Source/queue.c.obj
 .text.prvCopyDataFromQueue
                0x08006eda       0x24 CMakeFiles/STM32F407IGH6.elf.dir/Middlewares/Third_Party/FreeRTOS/Source/queue.c.obj
 .text.prvUnlockQueue
                0x08006efe       0x6e CMakeFiles/STM32F407IGH6.elf.dir/Middlewares/Third_Party/FreeRTOS/Source/queue.c.obj
 .text.xQueueGenericReset
                0x08006f6c       0x84 CMakeFiles/STM32F407IGH6.elf.dir/Middlewares/Third_Party/FreeRTOS/Source/queue.c.obj
                0x08006f6c                xQueueGenericReset
 .text.prvInitialiseNewQueue
                0x08006ff0       0x22 CMakeFiles/STM32F407IGH6.elf.dir/Middlewares/Third_Party/FreeRTOS/Source/queue.c.obj
 .text.xQueueGenericCreateStatic
                0x08007012       0x94 CMakeFiles/STM32F407IGH6.elf.dir/Middlewares/Third_Party/FreeRTOS/Source/queue.c.obj
                0x08007012                xQueueGenericCreateStatic
 *fill*         0x080070a6        0x2 
 .text.xQueueGenericSend
                0x080070a8      0x180 CMakeFiles/STM32F407IGH6.elf.dir/Middlewares/Third_Party/FreeRTOS/Source/queue.c.obj
                0x080070a8                xQueueGenericSend
 .text.xQueueGenericSendFromISR
                0x08007228       0xd0 CMakeFiles/STM32F407IGH6.elf.dir/Middlewares/Third_Party/FreeRTOS/Source/queue.c.obj
                0x08007228                xQueueGenericSendFromISR
 .text.xQueueReceive
                0x080072f8      0x15c CMakeFiles/STM32F407IGH6.elf.dir/Middlewares/Third_Party/FreeRTOS/Source/queue.c.obj
                0x080072f8                xQueueReceive
 .text.vQueueAddToRegistry
                0x08007454       0x28 CMakeFiles/STM32F407IGH6.elf.dir/Middlewares/Third_Party/FreeRTOS/Source/queue.c.obj
                0x08007454                vQueueAddToRegistry
 .text.vQueueWaitForMessageRestricted
                0x0800747c       0x52 CMakeFiles/STM32F407IGH6.elf.dir/Middlewares/Third_Party/FreeRTOS/Source/queue.c.obj
                0x0800747c                vQueueWaitForMessageRestricted
 *fill*         0x080074ce        0x2 
 .text.prvResetNextTaskUnblockTime
                0x080074d0       0x2c CMakeFiles/STM32F407IGH6.elf.dir/Middlewares/Third_Party/FreeRTOS/Source/tasks.c.obj
 .text.prvInitialiseNewTask
                0x080074fc       0x9a CMakeFiles/STM32F407IGH6.elf.dir/Middlewares/Third_Party/FreeRTOS/Source/tasks.c.obj
 *fill*         0x08007596        0x2 
 .text.prvInitialiseTaskLists
                0x08007598       0x68 CMakeFiles/STM32F407IGH6.elf.dir/Middlewares/Third_Party/FreeRTOS/Source/tasks.c.obj
 .text.prvAddNewTaskToReadyList
                0x08007600       0xac CMakeFiles/STM32F407IGH6.elf.dir/Middlewares/Third_Party/FreeRTOS/Source/tasks.c.obj
 .text.prvDeleteTCB
                0x080076ac       0x38 CMakeFiles/STM32F407IGH6.elf.dir/Middlewares/Third_Party/FreeRTOS/Source/tasks.c.obj
 .text.prvCheckTasksWaitingTermination
                0x080076e4       0x4c CMakeFiles/STM32F407IGH6.elf.dir/Middlewares/Third_Party/FreeRTOS/Source/tasks.c.obj
 .text.prvIdleTask
                0x08007730       0x28 CMakeFiles/STM32F407IGH6.elf.dir/Middlewares/Third_Party/FreeRTOS/Source/tasks.c.obj
 .text.prvAddCurrentTaskToDelayedList
                0x08007758       0x7c CMakeFiles/STM32F407IGH6.elf.dir/Middlewares/Third_Party/FreeRTOS/Source/tasks.c.obj
 .text.xTaskCreateStatic
                0x080077d4       0x74 CMakeFiles/STM32F407IGH6.elf.dir/Middlewares/Third_Party/FreeRTOS/Source/tasks.c.obj
                0x080077d4                xTaskCreateStatic
 .text.xTaskCreate
                0x08007848       0x68 CMakeFiles/STM32F407IGH6.elf.dir/Middlewares/Third_Party/FreeRTOS/Source/tasks.c.obj
                0x08007848                xTaskCreate
 .text.vTaskStartScheduler
                0x080078b0       0x94 CMakeFiles/STM32F407IGH6.elf.dir/Middlewares/Third_Party/FreeRTOS/Source/tasks.c.obj
                0x080078b0                vTaskStartScheduler
 .text.vTaskSuspendAll
                0x08007944       0x10 CMakeFiles/STM32F407IGH6.elf.dir/Middlewares/Third_Party/FreeRTOS/Source/tasks.c.obj
                0x08007944                vTaskSuspendAll
 .text.xTaskGetTickCount
                0x08007954        0xc CMakeFiles/STM32F407IGH6.elf.dir/Middlewares/Third_Party/FreeRTOS/Source/tasks.c.obj
                0x08007954                xTaskGetTickCount
 .text.xTaskIncrementTick
                0x08007960      0x11c CMakeFiles/STM32F407IGH6.elf.dir/Middlewares/Third_Party/FreeRTOS/Source/tasks.c.obj
                0x08007960                xTaskIncrementTick
 .text.xTaskResumeAll
                0x08007a7c       0xf8 CMakeFiles/STM32F407IGH6.elf.dir/Middlewares/Third_Party/FreeRTOS/Source/tasks.c.obj
                0x08007a7c                xTaskResumeAll
 .text.vTaskDelay
                0x08007b74       0x4c CMakeFiles/STM32F407IGH6.elf.dir/Middlewares/Third_Party/FreeRTOS/Source/tasks.c.obj
                0x08007b74                vTaskDelay
 .text.vTaskSwitchContext
                0x08007bc0       0x98 CMakeFiles/STM32F407IGH6.elf.dir/Middlewares/Third_Party/FreeRTOS/Source/tasks.c.obj
                0x08007bc0                vTaskSwitchContext
 .text.vTaskPlaceOnEventList
                0x08007c58       0x30 CMakeFiles/STM32F407IGH6.elf.dir/Middlewares/Third_Party/FreeRTOS/Source/tasks.c.obj
                0x08007c58                vTaskPlaceOnEventList
 .text.vTaskPlaceOnEventListRestricted
                0x08007c88       0x38 CMakeFiles/STM32F407IGH6.elf.dir/Middlewares/Third_Party/FreeRTOS/Source/tasks.c.obj
                0x08007c88                vTaskPlaceOnEventListRestricted
 .text.xTaskRemoveFromEventList
                0x08007cc0       0x8c CMakeFiles/STM32F407IGH6.elf.dir/Middlewares/Third_Party/FreeRTOS/Source/tasks.c.obj
                0x08007cc0                xTaskRemoveFromEventList
 .text.vTaskInternalSetTimeOutState
                0x08007d4c       0x18 CMakeFiles/STM32F407IGH6.elf.dir/Middlewares/Third_Party/FreeRTOS/Source/tasks.c.obj
                0x08007d4c                vTaskInternalSetTimeOutState
 .text.xTaskCheckForTimeOut
                0x08007d64       0x84 CMakeFiles/STM32F407IGH6.elf.dir/Middlewares/Third_Party/FreeRTOS/Source/tasks.c.obj
                0x08007d64                xTaskCheckForTimeOut
 .text.vTaskMissedYield
                0x08007de8        0xc CMakeFiles/STM32F407IGH6.elf.dir/Middlewares/Third_Party/FreeRTOS/Source/tasks.c.obj
                0x08007de8                vTaskMissedYield
 .text.xTaskGetSchedulerState
                0x08007df4       0x20 CMakeFiles/STM32F407IGH6.elf.dir/Middlewares/Third_Party/FreeRTOS/Source/tasks.c.obj
                0x08007df4                xTaskGetSchedulerState
 .text.xTaskPriorityDisinherit
                0x08007e14       0x90 CMakeFiles/STM32F407IGH6.elf.dir/Middlewares/Third_Party/FreeRTOS/Source/tasks.c.obj
                0x08007e14                xTaskPriorityDisinherit
 .text.prvGetNextExpireTime
                0x08007ea4       0x20 CMakeFiles/STM32F407IGH6.elf.dir/Middlewares/Third_Party/FreeRTOS/Source/timers.c.obj
 .text.prvInsertTimerInActiveList
                0x08007ec4       0x48 CMakeFiles/STM32F407IGH6.elf.dir/Middlewares/Third_Party/FreeRTOS/Source/timers.c.obj
 .text.prvCheckForValidListAndQueue
                0x08007f0c       0x70 CMakeFiles/STM32F407IGH6.elf.dir/Middlewares/Third_Party/FreeRTOS/Source/timers.c.obj
 .text.xTimerCreateTimerTask
                0x08007f7c       0x64 CMakeFiles/STM32F407IGH6.elf.dir/Middlewares/Third_Party/FreeRTOS/Source/timers.c.obj
                0x08007f7c                xTimerCreateTimerTask
 .text.xTimerGenericCommand
                0x08007fe0       0x6c CMakeFiles/STM32F407IGH6.elf.dir/Middlewares/Third_Party/FreeRTOS/Source/timers.c.obj
                0x08007fe0                xTimerGenericCommand
 .text.prvSwitchTimerLists
                0x0800804c       0x7c CMakeFiles/STM32F407IGH6.elf.dir/Middlewares/Third_Party/FreeRTOS/Source/timers.c.obj
 .text.prvSampleTimeNow
                0x080080c8       0x2c CMakeFiles/STM32F407IGH6.elf.dir/Middlewares/Third_Party/FreeRTOS/Source/timers.c.obj
 .text.prvProcessExpiredTimer
                0x080080f4       0x6c CMakeFiles/STM32F407IGH6.elf.dir/Middlewares/Third_Party/FreeRTOS/Source/timers.c.obj
 .text.prvProcessTimerOrBlockTask
                0x08008160       0x74 CMakeFiles/STM32F407IGH6.elf.dir/Middlewares/Third_Party/FreeRTOS/Source/timers.c.obj
 .text.prvProcessReceivedCommands
                0x080081d4      0x10c CMakeFiles/STM32F407IGH6.elf.dir/Middlewares/Third_Party/FreeRTOS/Source/timers.c.obj
 .text.prvTimerTask
                0x080082e0       0x16 CMakeFiles/STM32F407IGH6.elf.dir/Middlewares/Third_Party/FreeRTOS/Source/timers.c.obj
 *fill*         0x080082f6        0x2 
 .text.MX_USB_DEVICE_Init
                0x080082f8       0x54 CMakeFiles/STM32F407IGH6.elf.dir/USB_DEVICE/App/usb_device.c.obj
                0x080082f8                MX_USB_DEVICE_Init
 .text.CDC_DeInit_FS
                0x0800834c        0x4 CMakeFiles/STM32F407IGH6.elf.dir/USB_DEVICE/App/usbd_cdc_if.c.obj
 .text.CDC_Control_FS
                0x08008350        0x4 CMakeFiles/STM32F407IGH6.elf.dir/USB_DEVICE/App/usbd_cdc_if.c.obj
 .text.CDC_TransmitCplt_FS
                0x08008354        0x4 CMakeFiles/STM32F407IGH6.elf.dir/USB_DEVICE/App/usbd_cdc_if.c.obj
 .text.CDC_Receive_FS
                0x08008358       0x38 CMakeFiles/STM32F407IGH6.elf.dir/USB_DEVICE/App/usbd_cdc_if.c.obj
 .text.CDC_Init_FS
                0x08008390       0x28 CMakeFiles/STM32F407IGH6.elf.dir/USB_DEVICE/App/usbd_cdc_if.c.obj
 .text.USBD_FS_DeviceDescriptor
                0x080083b8        0xc CMakeFiles/STM32F407IGH6.elf.dir/USB_DEVICE/App/usbd_desc.c.obj
                0x080083b8                USBD_FS_DeviceDescriptor
 .text.USBD_FS_LangIDStrDescriptor
                0x080083c4        0xc CMakeFiles/STM32F407IGH6.elf.dir/USB_DEVICE/App/usbd_desc.c.obj
                0x080083c4                USBD_FS_LangIDStrDescriptor
 .text.IntToUnicode
                0x080083d0       0x38 CMakeFiles/STM32F407IGH6.elf.dir/USB_DEVICE/App/usbd_desc.c.obj
 .text.Get_SerialNum
                0x08008408       0x34 CMakeFiles/STM32F407IGH6.elf.dir/USB_DEVICE/App/usbd_desc.c.obj
 .text.USBD_FS_SerialStrDescriptor
                0x0800843c       0x14 CMakeFiles/STM32F407IGH6.elf.dir/USB_DEVICE/App/usbd_desc.c.obj
                0x0800843c                USBD_FS_SerialStrDescriptor
 .text.USBD_FS_ProductStrDescriptor
                0x08008450       0x24 CMakeFiles/STM32F407IGH6.elf.dir/USB_DEVICE/App/usbd_desc.c.obj
                0x08008450                USBD_FS_ProductStrDescriptor
 .text.USBD_FS_ManufacturerStrDescriptor
                0x08008474       0x1c CMakeFiles/STM32F407IGH6.elf.dir/USB_DEVICE/App/usbd_desc.c.obj
                0x08008474                USBD_FS_ManufacturerStrDescriptor
 .text.USBD_FS_ConfigStrDescriptor
                0x08008490       0x24 CMakeFiles/STM32F407IGH6.elf.dir/USB_DEVICE/App/usbd_desc.c.obj
                0x08008490                USBD_FS_ConfigStrDescriptor
 .text.USBD_FS_InterfaceStrDescriptor
                0x080084b4       0x24 CMakeFiles/STM32F407IGH6.elf.dir/USB_DEVICE/App/usbd_desc.c.obj
                0x080084b4                USBD_FS_InterfaceStrDescriptor
 .text.HAL_PCD_MspInit
                0x080084d8       0x88 CMakeFiles/STM32F407IGH6.elf.dir/USB_DEVICE/Target/usbd_conf.c.obj
                0x080084d8                HAL_PCD_MspInit
 .text.HAL_PCD_SetupStageCallback
                0x08008560       0x10 CMakeFiles/STM32F407IGH6.elf.dir/USB_DEVICE/Target/usbd_conf.c.obj
                0x08008560                HAL_PCD_SetupStageCallback
 .text.HAL_PCD_DataOutStageCallback
                0x08008570       0x18 CMakeFiles/STM32F407IGH6.elf.dir/USB_DEVICE/Target/usbd_conf.c.obj
                0x08008570                HAL_PCD_DataOutStageCallback
 .text.HAL_PCD_DataInStageCallback
                0x08008588       0x16 CMakeFiles/STM32F407IGH6.elf.dir/USB_DEVICE/Target/usbd_conf.c.obj
                0x08008588                HAL_PCD_DataInStageCallback
 .text.HAL_PCD_SOFCallback
                0x0800859e        0xc CMakeFiles/STM32F407IGH6.elf.dir/USB_DEVICE/Target/usbd_conf.c.obj
                0x0800859e                HAL_PCD_SOFCallback
 .text.HAL_PCD_ResetCallback
                0x080085aa       0x28 CMakeFiles/STM32F407IGH6.elf.dir/USB_DEVICE/Target/usbd_conf.c.obj
                0x080085aa                HAL_PCD_ResetCallback
 *fill*         0x080085d2        0x2 
 .text.HAL_PCD_SuspendCallback
                0x080085d4       0x30 CMakeFiles/STM32F407IGH6.elf.dir/USB_DEVICE/Target/usbd_conf.c.obj
                0x080085d4                HAL_PCD_SuspendCallback
 .text.HAL_PCD_ResumeCallback
                0x08008604        0xc CMakeFiles/STM32F407IGH6.elf.dir/USB_DEVICE/Target/usbd_conf.c.obj
                0x08008604                HAL_PCD_ResumeCallback
 .text.HAL_PCD_ISOOUTIncompleteCallback
                0x08008610        0xc CMakeFiles/STM32F407IGH6.elf.dir/USB_DEVICE/Target/usbd_conf.c.obj
                0x08008610                HAL_PCD_ISOOUTIncompleteCallback
 .text.HAL_PCD_ISOINIncompleteCallback
                0x0800861c        0xc CMakeFiles/STM32F407IGH6.elf.dir/USB_DEVICE/Target/usbd_conf.c.obj
                0x0800861c                HAL_PCD_ISOINIncompleteCallback
 .text.HAL_PCD_ConnectCallback
                0x08008628        0xc CMakeFiles/STM32F407IGH6.elf.dir/USB_DEVICE/Target/usbd_conf.c.obj
                0x08008628                HAL_PCD_ConnectCallback
 .text.HAL_PCD_DisconnectCallback
                0x08008634        0xc CMakeFiles/STM32F407IGH6.elf.dir/USB_DEVICE/Target/usbd_conf.c.obj
                0x08008634                HAL_PCD_DisconnectCallback
 .text.USBD_LL_Init
                0x08008640       0x68 CMakeFiles/STM32F407IGH6.elf.dir/USB_DEVICE/Target/usbd_conf.c.obj
                0x08008640                USBD_LL_Init
 .text.USBD_LL_IsStallEP
                0x080086a8       0x2c CMakeFiles/STM32F407IGH6.elf.dir/USB_DEVICE/Target/usbd_conf.c.obj
                0x080086a8                USBD_LL_IsStallEP
 .text.USBD_LL_GetRxDataSize
                0x080086d4        0xc CMakeFiles/STM32F407IGH6.elf.dir/USB_DEVICE/Target/usbd_conf.c.obj
                0x080086d4                USBD_LL_GetRxDataSize
 .text.USBD_static_malloc
                0x080086e0        0x8 CMakeFiles/STM32F407IGH6.elf.dir/USB_DEVICE/Target/usbd_conf.c.obj
                0x080086e0                USBD_static_malloc
 .text.USBD_static_free
                0x080086e8        0x2 CMakeFiles/STM32F407IGH6.elf.dir/USB_DEVICE/Target/usbd_conf.c.obj
                0x080086e8                USBD_static_free
 .text.USBD_Get_USB_Status
                0x080086ea       0x14 CMakeFiles/STM32F407IGH6.elf.dir/USB_DEVICE/Target/usbd_conf.c.obj
                0x080086ea                USBD_Get_USB_Status
 .text.USBD_LL_Start
                0x080086fe       0x10 CMakeFiles/STM32F407IGH6.elf.dir/USB_DEVICE/Target/usbd_conf.c.obj
                0x080086fe                USBD_LL_Start
 .text.USBD_LL_OpenEP
                0x0800870e       0x16 CMakeFiles/STM32F407IGH6.elf.dir/USB_DEVICE/Target/usbd_conf.c.obj
                0x0800870e                USBD_LL_OpenEP
 .text.USBD_LL_CloseEP
                0x08008724       0x10 CMakeFiles/STM32F407IGH6.elf.dir/USB_DEVICE/Target/usbd_conf.c.obj
                0x08008724                USBD_LL_CloseEP
 .text.USBD_LL_StallEP
                0x08008734       0x10 CMakeFiles/STM32F407IGH6.elf.dir/USB_DEVICE/Target/usbd_conf.c.obj
                0x08008734                USBD_LL_StallEP
 .text.USBD_LL_ClearStallEP
                0x08008744       0x10 CMakeFiles/STM32F407IGH6.elf.dir/USB_DEVICE/Target/usbd_conf.c.obj
                0x08008744                USBD_LL_ClearStallEP
 .text.USBD_LL_SetUSBAddress
                0x08008754       0x10 CMakeFiles/STM32F407IGH6.elf.dir/USB_DEVICE/Target/usbd_conf.c.obj
                0x08008754                USBD_LL_SetUSBAddress
 .text.USBD_LL_Transmit
                0x08008764       0x10 CMakeFiles/STM32F407IGH6.elf.dir/USB_DEVICE/Target/usbd_conf.c.obj
                0x08008764                USBD_LL_Transmit
 .text.USBD_LL_PrepareReceive
                0x08008774       0x10 CMakeFiles/STM32F407IGH6.elf.dir/USB_DEVICE/Target/usbd_conf.c.obj
                0x08008774                USBD_LL_PrepareReceive
 .text.OnUartCmd
                0x08008784       0x60 CMakeFiles/STM32F407IGH6.elf.dir/UserApp/protocols/interface_uart.cpp.obj
                0x08008784                OnUartCmd
 .text.RetargetInit
                0x080087e4       0x20 CMakeFiles/STM32F407IGH6.elf.dir/UserApp/retarget.c.obj
                0x080087e4                RetargetInit
 .text._write   0x08008804       0x28 CMakeFiles/STM32F407IGH6.elf.dir/UserApp/retarget.c.obj
                0x08008804                _write
 .text._close   0x0800882c       0x18 CMakeFiles/STM32F407IGH6.elf.dir/UserApp/retarget.c.obj
                0x0800882c                _close
 .text._lseek   0x08008844       0x10 CMakeFiles/STM32F407IGH6.elf.dir/UserApp/retarget.c.obj
                0x08008844                _lseek
 .text._read    0x08008854       0x30 CMakeFiles/STM32F407IGH6.elf.dir/UserApp/retarget.c.obj
                0x08008854                _read
 .text._fstat   0x08008884       0x1a CMakeFiles/STM32F407IGH6.elf.dir/UserApp/retarget.c.obj
                0x08008884                _fstat
 .text.uart1_task
                0x0800889e        0xa CMakeFiles/STM32F407IGH6.elf.dir/UserApp/task_func.c.obj
                0x0800889e                uart1_task
 .text.Led_red  0x080088a8       0x1c CMakeFiles/STM32F407IGH6.elf.dir/UserApp/task_func.c.obj
                0x080088a8                Led_red
 .text.abort    0x080088c4       0x10 d:/place_for_installation/gcc_arm_none_eabi/gcc-arm-none-eabi-9-2019-q4-major-win32/bin/../lib/gcc/arm-none-eabi/9.2.1/../../../../arm-none-eabi/lib/thumb/v7e-m+fp/hard\libg.a(lib_a-abort.o)
                0x080088c4                abort
 .text.__errno  0x080088d4        0xc d:/place_for_installation/gcc_arm_none_eabi/gcc-arm-none-eabi-9-2019-q4-major-win32/bin/../lib/gcc/arm-none-eabi/9.2.1/../../../../arm-none-eabi/lib/thumb/v7e-m+fp/hard\libg.a(lib_a-errno.o)
                0x080088d4                __errno
 .text.__libc_init_array
                0x080088e0       0x48 d:/place_for_installation/gcc_arm_none_eabi/gcc-arm-none-eabi-9-2019-q4-major-win32/bin/../lib/gcc/arm-none-eabi/9.2.1/../../../../arm-none-eabi/lib/thumb/v7e-m+fp/hard\libg.a(lib_a-init.o)
                0x080088e0                __libc_init_array
 .text.memset   0x08008928       0xa0 d:/place_for_installation/gcc_arm_none_eabi/gcc-arm-none-eabi-9-2019-q4-major-win32/bin/../lib/gcc/arm-none-eabi/9.2.1/../../../../arm-none-eabi/lib/thumb/v7e-m+fp/hard\libg.a(lib_a-memset.o)
                0x08008928                memset
 .text.setvbuf  0x080089c8      0x1a0 d:/place_for_installation/gcc_arm_none_eabi/gcc-arm-none-eabi-9-2019-q4-major-win32/bin/../lib/gcc/arm-none-eabi/9.2.1/../../../../arm-none-eabi/lib/thumb/v7e-m+fp/hard\libg.a(lib_a-setvbuf.o)
                0x080089c8                setvbuf
 .text._raise_r
                0x08008b68       0x58 d:/place_for_installation/gcc_arm_none_eabi/gcc-arm-none-eabi-9-2019-q4-major-win32/bin/../lib/gcc/arm-none-eabi/9.2.1/../../../../arm-none-eabi/lib/thumb/v7e-m+fp/hard\libg.a(lib_a-signal.o)
                0x08008b68                _raise_r
 .text.raise    0x08008bc0       0x10 d:/place_for_installation/gcc_arm_none_eabi/gcc-arm-none-eabi-9-2019-q4-major-win32/bin/../lib/gcc/arm-none-eabi/9.2.1/../../../../arm-none-eabi/lib/thumb/v7e-m+fp/hard\libg.a(lib_a-signal.o)
                0x08008bc0                raise
 .text._kill_r  0x08008bd0       0x2c d:/place_for_installation/gcc_arm_none_eabi/gcc-arm-none-eabi-9-2019-q4-major-win32/bin/../lib/gcc/arm-none-eabi/9.2.1/../../../../arm-none-eabi/lib/thumb/v7e-m+fp/hard\libg.a(lib_a-signalr.o)
                0x08008bd0                _kill_r
 .text._getpid_r
                0x08008bfc        0x4 d:/place_for_installation/gcc_arm_none_eabi/gcc-arm-none-eabi-9-2019-q4-major-win32/bin/../lib/gcc/arm-none-eabi/9.2.1/../../../../arm-none-eabi/lib/thumb/v7e-m+fp/hard\libg.a(lib_a-signalr.o)
                0x08008bfc                _getpid_r
 .text.startup.register_fini
                0x08008c00       0x14 d:/place_for_installation/gcc_arm_none_eabi/gcc-arm-none-eabi-9-2019-q4-major-win32/bin/../lib/gcc/arm-none-eabi/9.2.1/../../../../arm-none-eabi/lib/thumb/v7e-m+fp/hard\libg.a(lib_a-__call_atexit.o)
 .text.atexit   0x08008c14        0xc d:/place_for_installation/gcc_arm_none_eabi/gcc-arm-none-eabi-9-2019-q4-major-win32/bin/../lib/gcc/arm-none-eabi/9.2.1/../../../../arm-none-eabi/lib/thumb/v7e-m+fp/hard\libg.a(lib_a-atexit.o)
                0x08008c14                atexit
 .text.__sflush_r
                0x08008c20      0x130 d:/place_for_installation/gcc_arm_none_eabi/gcc-arm-none-eabi-9-2019-q4-major-win32/bin/../lib/gcc/arm-none-eabi/9.2.1/../../../../arm-none-eabi/lib/thumb/v7e-m+fp/hard\libg.a(lib_a-fflush.o)
                0x08008c20                __sflush_r
 .text._fflush_r
                0x08008d50       0x5c d:/place_for_installation/gcc_arm_none_eabi/gcc-arm-none-eabi-9-2019-q4-major-win32/bin/../lib/gcc/arm-none-eabi/9.2.1/../../../../arm-none-eabi/lib/thumb/v7e-m+fp/hard\libg.a(lib_a-fflush.o)
                0x08008d50                _fflush_r
 .text.std      0x08008dac       0x50 d:/place_for_installation/gcc_arm_none_eabi/gcc-arm-none-eabi-9-2019-q4-major-win32/bin/../lib/gcc/arm-none-eabi/9.2.1/../../../../arm-none-eabi/lib/thumb/v7e-m+fp/hard\libg.a(lib_a-findfp.o)
 .text._cleanup_r
                0x08008dfc        0xc d:/place_for_installation/gcc_arm_none_eabi/gcc-arm-none-eabi-9-2019-q4-major-win32/bin/../lib/gcc/arm-none-eabi/9.2.1/../../../../arm-none-eabi/lib/thumb/v7e-m+fp/hard\libg.a(lib_a-findfp.o)
                0x08008dfc                _cleanup_r
 .text.__sinit  0x08008e08       0x54 d:/place_for_installation/gcc_arm_none_eabi/gcc-arm-none-eabi-9-2019-q4-major-win32/bin/../lib/gcc/arm-none-eabi/9.2.1/../../../../arm-none-eabi/lib/thumb/v7e-m+fp/hard\libg.a(lib_a-findfp.o)
                0x08008e08                __sinit
 .text.__sfp_lock_acquire
                0x08008e5c        0xc d:/place_for_installation/gcc_arm_none_eabi/gcc-arm-none-eabi-9-2019-q4-major-win32/bin/../lib/gcc/arm-none-eabi/9.2.1/../../../../arm-none-eabi/lib/thumb/v7e-m+fp/hard\libg.a(lib_a-findfp.o)
                0x08008e5c                __sfp_lock_acquire
 .text.__sfp_lock_release
                0x08008e68        0xc d:/place_for_installation/gcc_arm_none_eabi/gcc-arm-none-eabi-9-2019-q4-major-win32/bin/../lib/gcc/arm-none-eabi/9.2.1/../../../../arm-none-eabi/lib/thumb/v7e-m+fp/hard\libg.a(lib_a-findfp.o)
                0x08008e68                __sfp_lock_release
 .text.__libc_fini_array
                0x08008e74       0x2c d:/place_for_installation/gcc_arm_none_eabi/gcc-arm-none-eabi-9-2019-q4-major-win32/bin/../lib/gcc/arm-none-eabi/9.2.1/../../../../arm-none-eabi/lib/thumb/v7e-m+fp/hard\libg.a(lib_a-fini.o)
                0x08008e74                __libc_fini_array
 .text._malloc_trim_r
                0x08008ea0       0xa0 d:/place_for_installation/gcc_arm_none_eabi/gcc-arm-none-eabi-9-2019-q4-major-win32/bin/../lib/gcc/arm-none-eabi/9.2.1/../../../../arm-none-eabi/lib/thumb/v7e-m+fp/hard\libg.a(lib_a-freer.o)
                0x08008ea0                _malloc_trim_r
 .text._free_r  0x08008f40      0x208 d:/place_for_installation/gcc_arm_none_eabi/gcc-arm-none-eabi-9-2019-q4-major-win32/bin/../lib/gcc/arm-none-eabi/9.2.1/../../../../arm-none-eabi/lib/thumb/v7e-m+fp/hard\libg.a(lib_a-freer.o)
                0x08008f40                _free_r
 .text._fwalk_reent
                0x08009148       0x48 d:/place_for_installation/gcc_arm_none_eabi/gcc-arm-none-eabi-9-2019-q4-major-win32/bin/../lib/gcc/arm-none-eabi/9.2.1/../../../../arm-none-eabi/lib/thumb/v7e-m+fp/hard\libg.a(lib_a-fwalk.o)
                0x08009148                _fwalk_reent
 .text.__retarget_lock_init_recursive
                0x08009190        0x4 d:/place_for_installation/gcc_arm_none_eabi/gcc-arm-none-eabi-9-2019-q4-major-win32/bin/../lib/gcc/arm-none-eabi/9.2.1/../../../../arm-none-eabi/lib/thumb/v7e-m+fp/hard\libg.a(lib_a-lock.o)
                0x08009190                __retarget_lock_init_recursive
 .text.__retarget_lock_close_recursive
                0x08009194        0x4 d:/place_for_installation/gcc_arm_none_eabi/gcc-arm-none-eabi-9-2019-q4-major-win32/bin/../lib/gcc/arm-none-eabi/9.2.1/../../../../arm-none-eabi/lib/thumb/v7e-m+fp/hard\libg.a(lib_a-lock.o)
                0x08009194                __retarget_lock_close_recursive
 .text.__retarget_lock_acquire_recursive
                0x08009198        0x4 d:/place_for_installation/gcc_arm_none_eabi/gcc-arm-none-eabi-9-2019-q4-major-win32/bin/../lib/gcc/arm-none-eabi/9.2.1/../../../../arm-none-eabi/lib/thumb/v7e-m+fp/hard\libg.a(lib_a-lock.o)
                0x08009198                __retarget_lock_acquire_recursive
 .text.__retarget_lock_release_recursive
                0x0800919c        0x4 d:/place_for_installation/gcc_arm_none_eabi/gcc-arm-none-eabi-9-2019-q4-major-win32/bin/../lib/gcc/arm-none-eabi/9.2.1/../../../../arm-none-eabi/lib/thumb/v7e-m+fp/hard\libg.a(lib_a-lock.o)
                0x0800919c                __retarget_lock_release_recursive
 .text.__swhatbuf_r
                0x080091a0       0x5c d:/place_for_installation/gcc_arm_none_eabi/gcc-arm-none-eabi-9-2019-q4-major-win32/bin/../lib/gcc/arm-none-eabi/9.2.1/../../../../arm-none-eabi/lib/thumb/v7e-m+fp/hard\libg.a(lib_a-makebuf.o)
                0x080091a0                __swhatbuf_r
 .text.malloc   0x080091fc       0x10 d:/place_for_installation/gcc_arm_none_eabi/gcc-arm-none-eabi-9-2019-q4-major-win32/bin/../lib/gcc/arm-none-eabi/9.2.1/../../../../arm-none-eabi/lib/thumb/v7e-m+fp/hard\libg.a(lib_a-malloc.o)
                0x080091fc                malloc
 .text._malloc_r
                0x0800920c      0x574 d:/place_for_installation/gcc_arm_none_eabi/gcc-arm-none-eabi-9-2019-q4-major-win32/bin/../lib/gcc/arm-none-eabi/9.2.1/../../../../arm-none-eabi/lib/thumb/v7e-m+fp/hard\libg.a(lib_a-mallocr.o)
                0x0800920c                _malloc_r
 .text.__malloc_lock
                0x08009780        0xc d:/place_for_installation/gcc_arm_none_eabi/gcc-arm-none-eabi-9-2019-q4-major-win32/bin/../lib/gcc/arm-none-eabi/9.2.1/../../../../arm-none-eabi/lib/thumb/v7e-m+fp/hard\libg.a(lib_a-mlock.o)
                0x08009780                __malloc_lock
 .text.__malloc_unlock